Archive member included to satisfy reference by file (symbol)

c:/st/stm32cubeide_1.6.1/stm32cubeide/plugins/com.st.stm32cube.ide.mcu.externaltools.gnu-tools-for-stm32.9-2020-q2-update.win32_1.5.0.202011040924/tools/bin/../lib/gcc/arm-none-eabi/9.3.1/../../../../arm-none-eabi/lib/thumb/v7e-m+dp/hard\libc_nano.a(lib_a-errno.o)
                              Core/Src/syscalls.o (__errno)
c:/st/stm32cubeide_1.6.1/stm32cubeide/plugins/com.st.stm32cube.ide.mcu.externaltools.gnu-tools-for-stm32.9-2020-q2-update.win32_1.5.0.202011040924/tools/bin/../lib/gcc/arm-none-eabi/9.3.1/../../../../arm-none-eabi/lib/thumb/v7e-m+dp/hard\libc_nano.a(lib_a-exit.o)
                              c:/st/stm32cubeide_1.6.1/stm32cubeide/plugins/com.st.stm32cube.ide.mcu.externaltools.gnu-tools-for-stm32.9-2020-q2-update.win32_1.5.0.202011040924/tools/bin/../lib/gcc/arm-none-eabi/9.3.1/../../../../arm-none-eabi/lib/thumb/v7e-m+dp/hard/crt0.o (exit)
c:/st/stm32cubeide_1.6.1/stm32cubeide/plugins/com.st.stm32cube.ide.mcu.externaltools.gnu-tools-for-stm32.9-2020-q2-update.win32_1.5.0.202011040924/tools/bin/../lib/gcc/arm-none-eabi/9.3.1/../../../../arm-none-eabi/lib/thumb/v7e-m+dp/hard\libc_nano.a(lib_a-impure.o)
                              c:/st/stm32cubeide_1.6.1/stm32cubeide/plugins/com.st.stm32cube.ide.mcu.externaltools.gnu-tools-for-stm32.9-2020-q2-update.win32_1.5.0.202011040924/tools/bin/../lib/gcc/arm-none-eabi/9.3.1/../../../../arm-none-eabi/lib/thumb/v7e-m+dp/hard\libc_nano.a(lib_a-exit.o) (_global_impure_ptr)
c:/st/stm32cubeide_1.6.1/stm32cubeide/plugins/com.st.stm32cube.ide.mcu.externaltools.gnu-tools-for-stm32.9-2020-q2-update.win32_1.5.0.202011040924/tools/bin/../lib/gcc/arm-none-eabi/9.3.1/../../../../arm-none-eabi/lib/thumb/v7e-m+dp/hard\libc_nano.a(lib_a-init.o)
                              c:/st/stm32cubeide_1.6.1/stm32cubeide/plugins/com.st.stm32cube.ide.mcu.externaltools.gnu-tools-for-stm32.9-2020-q2-update.win32_1.5.0.202011040924/tools/bin/../lib/gcc/arm-none-eabi/9.3.1/../../../../arm-none-eabi/lib/thumb/v7e-m+dp/hard/crt0.o (__libc_init_array)
c:/st/stm32cubeide_1.6.1/stm32cubeide/plugins/com.st.stm32cube.ide.mcu.externaltools.gnu-tools-for-stm32.9-2020-q2-update.win32_1.5.0.202011040924/tools/bin/../lib/gcc/arm-none-eabi/9.3.1/../../../../arm-none-eabi/lib/thumb/v7e-m+dp/hard\libc_nano.a(lib_a-memcpy-stub.o)
                              Middlewares/Third_Party/FreeRTOS/Source/CMSIS_RTOS_V2/cmsis_os2.o (memcpy)
c:/st/stm32cubeide_1.6.1/stm32cubeide/plugins/com.st.stm32cube.ide.mcu.externaltools.gnu-tools-for-stm32.9-2020-q2-update.win32_1.5.0.202011040924/tools/bin/../lib/gcc/arm-none-eabi/9.3.1/../../../../arm-none-eabi/lib/thumb/v7e-m+dp/hard\libc_nano.a(lib_a-memset.o)
                              c:/st/stm32cubeide_1.6.1/stm32cubeide/plugins/com.st.stm32cube.ide.mcu.externaltools.gnu-tools-for-stm32.9-2020-q2-update.win32_1.5.0.202011040924/tools/bin/../lib/gcc/arm-none-eabi/9.3.1/../../../../arm-none-eabi/lib/thumb/v7e-m+dp/hard/crt0.o (memset)
c:/st/stm32cubeide_1.6.1/stm32cubeide/plugins/com.st.stm32cube.ide.mcu.externaltools.gnu-tools-for-stm32.9-2020-q2-update.win32_1.5.0.202011040924/tools/bin/../lib/gcc/arm-none-eabi/9.3.1/thumb/v7e-m+dp/hard\libgcc.a(_aeabi_uldivmod.o)
                              Drivers/STM32F7xx_HAL_Driver/Src/stm32f7xx_hal_rcc.o (__aeabi_uldivmod)
c:/st/stm32cubeide_1.6.1/stm32cubeide/plugins/com.st.stm32cube.ide.mcu.externaltools.gnu-tools-for-stm32.9-2020-q2-update.win32_1.5.0.202011040924/tools/bin/../lib/gcc/arm-none-eabi/9.3.1/thumb/v7e-m+dp/hard\libgcc.a(_udivmoddi4.o)
                              c:/st/stm32cubeide_1.6.1/stm32cubeide/plugins/com.st.stm32cube.ide.mcu.externaltools.gnu-tools-for-stm32.9-2020-q2-update.win32_1.5.0.202011040924/tools/bin/../lib/gcc/arm-none-eabi/9.3.1/thumb/v7e-m+dp/hard\libgcc.a(_aeabi_uldivmod.o) (__udivmoddi4)
c:/st/stm32cubeide_1.6.1/stm32cubeide/plugins/com.st.stm32cube.ide.mcu.externaltools.gnu-tools-for-stm32.9-2020-q2-update.win32_1.5.0.202011040924/tools/bin/../lib/gcc/arm-none-eabi/9.3.1/thumb/v7e-m+dp/hard\libgcc.a(_dvmd_tls.o)
                              c:/st/stm32cubeide_1.6.1/stm32cubeide/plugins/com.st.stm32cube.ide.mcu.externaltools.gnu-tools-for-stm32.9-2020-q2-update.win32_1.5.0.202011040924/tools/bin/../lib/gcc/arm-none-eabi/9.3.1/thumb/v7e-m+dp/hard\libgcc.a(_aeabi_uldivmod.o) (__aeabi_ldiv0)

Allocating common symbols
Common symbol       size              file

retSD               0x1               FATFS/App/fatfs.o
uwTick              0x4               Drivers/STM32F7xx_HAL_Driver/Src/stm32f7xx_hal.o
xQueueRegistry      0x40              Middlewares/Third_Party/FreeRTOS/Source/queue.o
pFlash              0x1c              Drivers/STM32F7xx_HAL_Driver/Src/stm32f7xx_hal_flash.o
SDPath              0x4               FATFS/App/fatfs.o
htim6               0x4c              Core/Src/stm32f7xx_hal_timebase_tim.o
SDFile              0x230             FATFS/App/fatfs.o
SDFatFS             0x234             FATFS/App/fatfs.o
[...]
Memory Configuration

Name             Origin             Length             Attributes
RAM              0x0000000020000000 0x0000000000080000 xrw
FLASH            0x0000000008000000 0x0000000000200000 xr
*default*        0x0000000000000000 0xffffffffffffffff

Linker script and memory map

LOAD c:/st/stm32cubeide_1.6.1/stm32cubeide/plugins/com.st.stm32cube.ide.mcu.externaltools.gnu-tools-for-stm32.9-2020-q2-update.win32_1.5.0.202011040924/tools/bin/../lib/gcc/arm-none-eabi/9.3.1/thumb/v7e-m+dp/hard/crti.o
LOAD c:/st/stm32cubeide_1.6.1/stm32cubeide/plugins/com.st.stm32cube.ide.mcu.externaltools.gnu-tools-for-stm32.9-2020-q2-update.win32_1.5.0.202011040924/tools/bin/../lib/gcc/arm-none-eabi/9.3.1/thumb/v7e-m+dp/hard/crtbegin.o
LOAD c:/st/stm32cubeide_1.6.1/stm32cubeide/plugins/com.st.stm32cube.ide.mcu.externaltools.gnu-tools-for-stm32.9-2020-q2-update.win32_1.5.0.202011040924/tools/bin/../lib/gcc/arm-none-eabi/9.3.1/../../../../arm-none-eabi/lib/thumb/v7e-m+dp/hard/crt0.o
LOAD Core/Src/freertos.o
LOAD Core/Src/main.o
LOAD Core/Src/motor_status.o
LOAD Core/Src/stm32f7xx_hal_msp.o
LOAD Core/Src/stm32f7xx_hal_timebase_tim.o
LOAD Core/Src/stm32f7xx_it.o
LOAD Core/Src/syscalls.o
LOAD Core/Src/sysmem.o
LOAD Core/Src/system_stm32f7xx.o
LOAD Core/Startup/startup_stm32f767zitx.o
LOAD Drivers/STM32F7xx_HAL_Driver/Src/stm32f7xx_hal.o
LOAD Drivers/STM32F7xx_HAL_Driver/Src/stm32f7xx_hal_can.o
LOAD Drivers/STM32F7xx_HAL_Driver/Src/stm32f7xx_hal_cortex.o
LOAD Drivers/STM32F7xx_HAL_Driver/Src/stm32f7xx_hal_dma.o
LOAD Drivers/STM32F7xx_HAL_Driver/Src/stm32f7xx_hal_dma_ex.o
LOAD Drivers/STM32F7xx_HAL_Driver/Src/stm32f7xx_hal_exti.o
LOAD Drivers/STM32F7xx_HAL_Driver/Src/stm32f7xx_hal_flash.o
LOAD Drivers/STM32F7xx_HAL_Driver/Src/stm32f7xx_hal_flash_ex.o
LOAD Drivers/STM32F7xx_HAL_Driver/Src/stm32f7xx_hal_gpio.o
LOAD Drivers/STM32F7xx_HAL_Driver/Src/stm32f7xx_hal_i2c.o
LOAD Drivers/STM32F7xx_HAL_Driver/Src/stm32f7xx_hal_i2c_ex.o
LOAD Drivers/STM32F7xx_HAL_Driver/Src/stm32f7xx_hal_pcd.o
LOAD Drivers/STM32F7xx_HAL_Driver/Src/stm32f7xx_hal_pcd_ex.o
LOAD Drivers/STM32F7xx_HAL_Driver/Src/stm32f7xx_hal_pwr.o
LOAD Drivers/STM32F7xx_HAL_Driver/Src/stm32f7xx_hal_pwr_ex.o
LOAD Drivers/STM32F7xx_HAL_Driver/Src/stm32f7xx_hal_rcc.o
LOAD Drivers/STM32F7xx_HAL_Driver/Src/stm32f7xx_hal_rcc_ex.o
LOAD Drivers/STM32F7xx_HAL_Driver/Src/stm32f7xx_hal_sd.o
LOAD Drivers/STM32F7xx_HAL_Driver/Src/stm32f7xx_hal_tim.o
LOAD Drivers/STM32F7xx_HAL_Driver/Src/stm32f7xx_hal_tim_ex.o
LOAD Drivers/STM32F7xx_HAL_Driver/Src/stm32f7xx_hal_uart.o
LOAD Drivers/STM32F7xx_HAL_Driver/Src/stm32f7xx_hal_uart_ex.o
LOAD Drivers/STM32F7xx_HAL_Driver/Src/stm32f7xx_ll_sdmmc.o
LOAD Drivers/STM32F7xx_HAL_Driver/Src/stm32f7xx_ll_usb.o
LOAD FATFS/App/fatfs.o
LOAD FATFS/Target/bsp_driver_sd.o
LOAD FATFS/Target/sd_diskio.o
LOAD Middlewares/Third_Party/FatFs/src/diskio.o
LOAD Middlewares/Third_Party/FatFs/src/ff.o
LOAD Middlewares/Third_Party/FatFs/src/ff_gen_drv.o
LOAD Middlewares/Third_Party/FatFs/src/option/syscall.o
LOAD Middlewares/Third_Party/FreeRTOS/Source/CMSIS_RTOS_V2/cmsis_os2.o
LOAD Middlewares/Third_Party/FreeRTOS/Source/croutine.o
LOAD Middlewares/Third_Party/FreeRTOS/Source/event_groups.o
LOAD Middlewares/Third_Party/FreeRTOS/Source/list.o
LOAD Middlewares/Third_Party/FreeRTOS/Source/queue.o
LOAD Middlewares/Third_Party/FreeRTOS/Source/stream_buffer.o
LOAD Middlewares/Third_Party/FreeRTOS/Source/tasks.o
LOAD Middlewares/Third_Party/FreeRTOS/Source/timers.o
LOAD Middlewares/Third_Party/FreeRTOS/Source/portable/GCC/ARM_CM7/r0p1/port.o
LOAD Middlewares/Third_Party/FreeRTOS/Source/portable/MemMang/heap_4.o
START GROUP
LOAD c:/st/stm32cubeide_1.6.1/stm32cubeide/plugins/com.st.stm32cube.ide.mcu.externaltools.gnu-tools-for-stm32.9-2020-q2-update.win32_1.5.0.202011040924/tools/bin/../lib/gcc/arm-none-eabi/9.3.1/../../../../arm-none-eabi/lib/thumb/v7e-m+dp/hard\libstdc++_nano.a
LOAD c:/st/stm32cubeide_1.6.1/stm32cubeide/plugins/com.st.stm32cube.ide.mcu.externaltools.gnu-tools-for-stm32.9-2020-q2-update.win32_1.5.0.202011040924/tools/bin/../lib/gcc/arm-none-eabi/9.3.1/../../../../arm-none-eabi/lib/thumb/v7e-m+dp/hard\libsupc++_nano.a
END GROUP
LOAD c:/st/stm32cubeide_1.6.1/stm32cubeide/plugins/com.st.stm32cube.ide.mcu.externaltools.gnu-tools-for-stm32.9-2020-q2-update.win32_1.5.0.202011040924/tools/bin/../lib/gcc/arm-none-eabi/9.3.1/../../../../arm-none-eabi/lib/thumb/v7e-m+dp/hard\libstdc++_nano.a
LOAD c:/st/stm32cubeide_1.6.1/stm32cubeide/plugins/com.st.stm32cube.ide.mcu.externaltools.gnu-tools-for-stm32.9-2020-q2-update.win32_1.5.0.202011040924/tools/bin/../lib/gcc/arm-none-eabi/9.3.1/../../../../arm-none-eabi/lib/thumb/v7e-m+dp/hard\libm.a
LOAD c:/st/stm32cubeide_1.6.1/stm32cubeide/plugins/com.st.stm32cube.ide.mcu.externaltools.gnu-tools-for-stm32.9-2020-q2-update.win32_1.5.0.202011040924/tools/bin/../lib/gcc/arm-none-eabi/9.3.1/../../../../arm-none-eabi/lib/thumb/v7e-m+dp/hard\libc_nano.a
START GROUP
LOAD c:/st/stm32cubeide_1.6.1/stm32cubeide/plugins/com.st.stm32cube.ide.mcu.externaltools.gnu-tools-for-stm32.9-2020-q2-update.win32_1.5.0.202011040924/tools/bin/../lib/gcc/arm-none-eabi/9.3.1/thumb/v7e-m+dp/hard\libgcc.a
LOAD c:/st/stm32cubeide_1.6.1/stm32cubeide/plugins/com.st.stm32cube.ide.mcu.externaltools.gnu-tools-for-stm32.9-2020-q2-update.win32_1.5.0.202011040924/tools/bin/../lib/gcc/arm-none-eabi/9.3.1/../../../../arm-none-eabi/lib/thumb/v7e-m+dp/hard\libc_nano.a
END GROUP
START GROUP
LOAD c:/st/stm32cubeide_1.6.1/stm32cubeide/plugins/com.st.stm32cube.ide.mcu.externaltools.gnu-tools-for-stm32.9-2020-q2-update.win32_1.5.0.202011040924/tools/bin/../lib/gcc/arm-none-eabi/9.3.1/thumb/v7e-m+dp/hard\libgcc.a
LOAD c:/st/stm32cubeide_1.6.1/stm32cubeide/plugins/com.st.stm32cube.ide.mcu.externaltools.gnu-tools-for-stm32.9-2020-q2-update.win32_1.5.0.202011040924/tools/bin/../lib/gcc/arm-none-eabi/9.3.1/../../../../arm-none-eabi/lib/thumb/v7e-m+dp/hard\libc_nano.a
LOAD c:/st/stm32cubeide_1.6.1/stm32cubeide/plugins/com.st.stm32cube.ide.mcu.externaltools.gnu-tools-for-stm32.9-2020-q2-update.win32_1.5.0.202011040924/tools/bin/../lib/gcc/arm-none-eabi/9.3.1/../../../../arm-none-eabi/lib/thumb/v7e-m+dp/hard\libnosys.a
END GROUP
START GROUP
LOAD c:/st/stm32cubeide_1.6.1/stm32cubeide/plugins/com.st.stm32cube.ide.mcu.externaltools.gnu-tools-for-stm32.9-2020-q2-update.win32_1.5.0.202011040924/tools/bin/../lib/gcc/arm-none-eabi/9.3.1/thumb/v7e-m+dp/hard\libgcc.a
LOAD c:/st/stm32cubeide_1.6.1/stm32cubeide/plugins/com.st.stm32cube.ide.mcu.externaltools.gnu-tools-for-stm32.9-2020-q2-update.win32_1.5.0.202011040924/tools/bin/../lib/gcc/arm-none-eabi/9.3.1/../../../../arm-none-eabi/lib/thumb/v7e-m+dp/hard\libc_nano.a
LOAD c:/st/stm32cubeide_1.6.1/stm32cubeide/plugins/com.st.stm32cube.ide.mcu.externaltools.gnu-tools-for-stm32.9-2020-q2-update.win32_1.5.0.202011040924/tools/bin/../lib/gcc/arm-none-eabi/9.3.1/../../../../arm-none-eabi/lib/thumb/v7e-m+dp/hard\libnosys.a
END GROUP
LOAD c:/st/stm32cubeide_1.6.1/stm32cubeide/plugins/com.st.stm32cube.ide.mcu.externaltools.gnu-tools-for-stm32.9-2020-q2-update.win32_1.5.0.202011040924/tools/bin/../lib/gcc/arm-none-eabi/9.3.1/thumb/v7e-m+dp/hard/crtend.o
LOAD c:/st/stm32cubeide_1.6.1/stm32cubeide/plugins/com.st.stm32cube.ide.mcu.externaltools.gnu-tools-for-stm32.9-2020-q2-update.win32_1.5.0.202011040924/tools/bin/../lib/gcc/arm-none-eabi/9.3.1/thumb/v7e-m+dp/hard/crtn.o
                0x0000000020080000                _estack = (ORIGIN (RAM) + LENGTH (RAM))
                0x0000000000000400                _Min_Heap_Size = 0x400
                0x0000000000000800                _Min_Stack_Size = 0x800

.isr_vector     0x0000000008000000      0x1f8
                0x0000000008000000                . = ALIGN (0x4)
 *(.isr_vector)
 .isr_vector    0x0000000008000000      0x1f8 Core/Startup/startup_stm32f767zitx.o
                0x0000000008000000                g_pfnVectors
                0x00000000080001f8                . = ALIGN (0x4)

.text           0x0000000008000200     0xa958
                0x0000000008000200                . = ALIGN (0x4)
 *(.text)
 .text          0x0000000008000200       0x40 c:/st/stm32cubeide_1.6.1/stm32cubeide/plugins/com.st.stm32cube.ide.mcu.externaltools.gnu-tools-for-stm32.9-2020-q2-update.win32_1.5.0.202011040924/tools/bin/../lib/gcc/arm-none-eabi/9.3.1/thumb/v7e-m+dp/hard/crtbegin.o
 .text          0x0000000008000240       0x30 c:/st/stm32cubeide_1.6.1/stm32cubeide/plugins/com.st.stm32cube.ide.mcu.externaltools.gnu-tools-for-stm32.9-2020-q2-update.win32_1.5.0.202011040924/tools/bin/../lib/gcc/arm-none-eabi/9.3.1/thumb/v7e-m+dp/hard\libgcc.a(_aeabi_uldivmod.o)
                0x0000000008000240                __aeabi_uldivmod
 .text          0x0000000008000270      0x2c4 c:/st/stm32cubeide_1.6.1/stm32cubeide/plugins/com.st.stm32cube.ide.mcu.externaltools.gnu-tools-for-stm32.9-2020-q2-update.win32_1.5.0.202011040924/tools/bin/../lib/gcc/arm-none-eabi/9.3.1/thumb/v7e-m+dp/hard\libgcc.a(_udivmoddi4.o)
                0x0000000008000270                __udivmoddi4
 .text          0x0000000008000534        0x4 c:/st/stm32cubeide_1.6.1/stm32cubeide/plugins/com.st.stm32cube.ide.mcu.externaltools.gnu-tools-for-stm32.9-2020-q2-update.win32_1.5.0.202011040924/tools/bin/../lib/gcc/arm-none-eabi/9.3.1/thumb/v7e-m+dp/hard\libgcc.a(_dvmd_tls.o)
                0x0000000008000534                __aeabi_idiv0
                0x0000000008000534                __aeabi_ldiv0
 *(.text*)
 .text.main     0x0000000008000538       0xb0 Core/Src/main.o
                0x0000000008000538                main
 .text._Z18SystemClock_Configv
                0x00000000080005e8      0x148 Core/Src/main.o
                0x00000000080005e8                SystemClock_Config()
 .text._ZL12MX_CAN1_Initv
                0x0000000008000730       0x74 Core/Src/main.o
 .text._ZL17MX_SDMMC1_SD_Initv
                0x00000000080007a4       0x40 Core/Src/main.o
 .text._ZL19MX_USART3_UART_Initv
                0x00000000080007e4       0x68 Core/Src/main.o
 .text._ZL22MX_USB_OTG_FS_PCD_Initv
                0x000000000800084c       0x64 Core/Src/main.o
 .text._ZL11MX_DMA_Initv
                0x00000000080008b0       0x4c Core/Src/main.o
 .text._ZL12MX_GPIO_Initv
                0x00000000080008fc      0x1cc Core/Src/main.o
 .text.HAL_CAN_RxFifo0MsgPendingCallback
                0x0000000008000ac8       0x28 Core/Src/main.o
                0x0000000008000ac8                HAL_CAN_RxFifo0MsgPendingCallback
 .text._Z11StartSDcardPv
                0x0000000008000af0       0x30 Core/Src/main.o
                0x0000000008000af0                StartSDcard(void*)
 .text._Z8CAN_sendPv
                0x0000000008000b20       0x14 Core/Src/main.o
                0x0000000008000b20                CAN_send(void*)
 .text.HAL_TIM_PeriodElapsedCallback
                0x0000000008000b34       0x24 Core/Src/main.o
                0x0000000008000b34                HAL_TIM_PeriodElapsedCallback
 .text.Error_Handler
                0x0000000008000b58       0x1c Core/Src/main.o
                0x0000000008000b58                Error_Handler
 .text.HAL_MspInit
                0x0000000008000b74       0x50 Core/Src/stm32f7xx_hal_msp.o
                0x0000000008000b74                HAL_MspInit
 .text.HAL_CAN_MspInit
                0x0000000008000bc4       0xa8 Core/Src/stm32f7xx_hal_msp.o
                0x0000000008000bc4                HAL_CAN_MspInit
 .text.HAL_SD_MspInit
                0x0000000008000c6c      0x1d4 Core/Src/stm32f7xx_hal_msp.o
                0x0000000008000c6c                HAL_SD_MspInit
 .text.HAL_UART_MspInit
                0x0000000008000e40       0x88 Core/Src/stm32f7xx_hal_msp.o
                0x0000000008000e40                HAL_UART_MspInit
 .text.HAL_PCD_MspInit
                0x0000000008000ec8       0xb8 Core/Src/stm32f7xx_hal_msp.o
                0x0000000008000ec8                HAL_PCD_MspInit
 .text.HAL_InitTick
                0x0000000008000f80       0xb0 Core/Src/stm32f7xx_hal_timebase_tim.o
                0x0000000008000f80                HAL_InitTick
 .text.NMI_Handler
                0x0000000008001030        0x6 Core/Src/stm32f7xx_it.o
                0x0000000008001030                NMI_Handler
 .text.HardFault_Handler
                0x0000000008001036        0x6 Core/Src/stm32f7xx_it.o
                0x0000000008001036                HardFault_Handler
 .text.MemManage_Handler
                0x000000000800103c        0x6 Core/Src/stm32f7xx_it.o
                0x000000000800103c                MemManage_Handler
 .text.BusFault_Handler
                0x0000000008001042        0x6 Core/Src/stm32f7xx_it.o
                0x0000000008001042                BusFault_Handler
 .text.UsageFault_Handler
                0x0000000008001048        0x6 Core/Src/stm32f7xx_it.o
                0x0000000008001048                UsageFault_Handler
 .text.DebugMon_Handler
                0x000000000800104e        0xe Core/Src/stm32f7xx_it.o
                0x000000000800104e                DebugMon_Handler
 .text.CAN1_TX_IRQHandler
                0x000000000800105c       0x14 Core/Src/stm32f7xx_it.o
                0x000000000800105c                CAN1_TX_IRQHandler
 .text.CAN1_RX0_IRQHandler
                0x0000000008001070       0x14 Core/Src/stm32f7xx_it.o
                0x0000000008001070                CAN1_RX0_IRQHandler
 .text.SDMMC1_IRQHandler
                0x0000000008001084       0x14 Core/Src/stm32f7xx_it.o
                0x0000000008001084                SDMMC1_IRQHandler
 .text.TIM6_DAC_IRQHandler
                0x0000000008001098       0x14 Core/Src/stm32f7xx_it.o
                0x0000000008001098                TIM6_DAC_IRQHandler
 .text.DMA2_Stream3_IRQHandler
                0x00000000080010ac       0x14 Core/Src/stm32f7xx_it.o
                0x00000000080010ac                DMA2_Stream3_IRQHandler
 .text.DMA2_Stream6_IRQHandler
                0x00000000080010c0       0x14 Core/Src/stm32f7xx_it.o
                0x00000000080010c0                DMA2_Stream6_IRQHandler
 .text.SystemInit
                0x00000000080010d4       0x24 Core/Src/system_stm32f7xx.o
                0x00000000080010d4                SystemInit
 .text.Reset_Handler
                0x00000000080010f8       0x50 Core/Startup/startup_stm32f767zitx.o
                0x00000000080010f8                Reset_Handler
 .text.Default_Handler
                0x0000000008001148        0x2 Core/Startup/startup_stm32f767zitx.o
                0x0000000008001148                RTC_Alarm_IRQHandler
                0x0000000008001148                EXTI2_IRQHandler
                0x0000000008001148                TIM8_CC_IRQHandler
                0x0000000008001148                UART8_IRQHandler
                0x0000000008001148                SPI4_IRQHandler
                0x0000000008001148                TIM1_CC_IRQHandler
                0x0000000008001148                DMA2_Stream5_IRQHandler
                0x0000000008001148                JPEG_IRQHandler
                0x0000000008001148                DMA1_Stream5_IRQHandler
                0x0000000008001148                CAN3_RX1_IRQHandler
                0x0000000008001148                PVD_IRQHandler
                0x0000000008001148                TAMP_STAMP_IRQHandler
                0x0000000008001148                CAN2_RX1_IRQHandler
                0x0000000008001148                EXTI3_IRQHandler
                0x0000000008001148                TIM8_TRG_COM_TIM14_IRQHandler
                0x0000000008001148                DFSDM1_FLT1_IRQHandler
                0x0000000008001148                TIM1_UP_TIM10_IRQHandler
                0x0000000008001148                TIM8_UP_TIM13_IRQHandler
                0x0000000008001148                I2C3_ER_IRQHandler
                0x0000000008001148                DFSDM1_FLT2_IRQHandler
                0x0000000008001148                EXTI0_IRQHandler
                0x0000000008001148                I2C2_EV_IRQHandler
                0x0000000008001148                DMA1_Stream2_IRQHandler
                0x0000000008001148                FPU_IRQHandler
                0x0000000008001148                OTG_HS_WKUP_IRQHandler
                0x0000000008001148                CAN3_SCE_IRQHandler
                0x0000000008001148                LTDC_ER_IRQHandler
                0x0000000008001148                CAN2_SCE_IRQHandler
                0x0000000008001148                DMA2_Stream2_IRQHandler
                0x0000000008001148                SPI1_IRQHandler
                0x0000000008001148                TIM1_BRK_TIM9_IRQHandler
                0x0000000008001148                DCMI_IRQHandler
                0x0000000008001148                CAN2_RX0_IRQHandler
                0x0000000008001148                SAI2_IRQHandler
                0x0000000008001148                DFSDM1_FLT3_IRQHandler
                0x0000000008001148                USART6_IRQHandler
                0x0000000008001148                CAN3_RX0_IRQHandler
                0x0000000008001148                USART3_IRQHandler
                0x0000000008001148                CAN1_RX1_IRQHandler
                0x0000000008001148                UART5_IRQHandler
                0x0000000008001148                DMA2_Stream0_IRQHandler
                0x0000000008001148                TIM4_IRQHandler
                0x0000000008001148                QUADSPI_IRQHandler
                0x0000000008001148                I2C1_EV_IRQHandler
                0x0000000008001148                DMA1_Stream6_IRQHandler
                0x0000000008001148                DMA1_Stream1_IRQHandler
                0x0000000008001148                UART4_IRQHandler
                0x0000000008001148                TIM3_IRQHandler
                0x0000000008001148                RCC_IRQHandler
                0x0000000008001148                TIM8_BRK_TIM12_IRQHandler
                0x0000000008001148                Default_Handler
                0x0000000008001148                CEC_IRQHandler
                0x0000000008001148                EXTI15_10_IRQHandler
                0x0000000008001148                ADC_IRQHandler
                0x0000000008001148                DMA1_Stream7_IRQHandler
                0x0000000008001148                SPI5_IRQHandler
                0x0000000008001148                TIM7_IRQHandler
                0x0000000008001148                CAN2_TX_IRQHandler
                0x0000000008001148                TIM5_IRQHandler
                0x0000000008001148                DMA2_Stream7_IRQHandler
                0x0000000008001148                I2C3_EV_IRQHandler
                0x0000000008001148                EXTI9_5_IRQHandler
                0x0000000008001148                RTC_WKUP_IRQHandler
                0x0000000008001148                LTDC_IRQHandler
                0x0000000008001148                ETH_WKUP_IRQHandler
                0x0000000008001148                SPDIF_RX_IRQHandler
                0x0000000008001148                SPI2_IRQHandler
                0x0000000008001148                OTG_HS_EP1_IN_IRQHandler
                0x0000000008001148                DMA1_Stream0_IRQHandler
                0x0000000008001148                EXTI4_IRQHandler
                0x0000000008001148                RNG_IRQHandler
                0x0000000008001148                ETH_IRQHandler
                0x0000000008001148                OTG_HS_EP1_OUT_IRQHandler
                0x0000000008001148                WWDG_IRQHandler
                0x0000000008001148                SPI6_IRQHandler
                0x0000000008001148                MDIOS_IRQHandler
                0x0000000008001148                I2C4_EV_IRQHandler
                0x0000000008001148                CAN3_TX_IRQHandler
                0x0000000008001148                TIM2_IRQHandler
                0x0000000008001148                OTG_FS_WKUP_IRQHandler
                0x0000000008001148                TIM1_TRG_COM_TIM11_IRQHandler
                0x0000000008001148                OTG_HS_IRQHandler
                0x0000000008001148                DMA2D_IRQHandler
                0x0000000008001148                EXTI1_IRQHandler
                0x0000000008001148                SDMMC2_IRQHandler
                0x0000000008001148                UART7_IRQHandler
                0x0000000008001148                USART2_IRQHandler
                0x0000000008001148                DFSDM1_FLT0_IRQHandler
                0x0000000008001148                I2C2_ER_IRQHandler
                0x0000000008001148                DMA2_Stream1_IRQHandler
                0x0000000008001148                CAN1_SCE_IRQHandler
                0x0000000008001148                FLASH_IRQHandler
                0x0000000008001148                DMA2_Stream4_IRQHandler
                0x0000000008001148                USART1_IRQHandler
                0x0000000008001148                OTG_FS_IRQHandler
                0x0000000008001148                SPI3_IRQHandler
                0x0000000008001148                DMA1_Stream4_IRQHandler
                0x0000000008001148                I2C1_ER_IRQHandler
                0x0000000008001148                FMC_IRQHandler
                0x0000000008001148                LPTIM1_IRQHandler
                0x0000000008001148                I2C4_ER_IRQHandler
                0x0000000008001148                SAI1_IRQHandler
                0x0000000008001148                DMA1_Stream3_IRQHandler
 .text.HAL_Init
                0x000000000800114a       0x1a Drivers/STM32F7xx_HAL_Driver/Src/stm32f7xx_hal.o
                0x000000000800114a                HAL_Init
 .text.HAL_IncTick
                0x0000000008001164       0x28 Drivers/STM32F7xx_HAL_Driver/Src/stm32f7xx_hal.o
                0x0000000008001164                HAL_IncTick
 .text.HAL_GetTick
                0x000000000800118c       0x18 Drivers/STM32F7xx_HAL_Driver/Src/stm32f7xx_hal.o
                0x000000000800118c                HAL_GetTick
 .text.HAL_Delay
                0x00000000080011a4       0x48 Drivers/STM32F7xx_HAL_Driver/Src/stm32f7xx_hal.o
                0x00000000080011a4                HAL_Delay
 .text.HAL_CAN_Init
                0x00000000080011ec      0x1f6 Drivers/STM32F7xx_HAL_Driver/Src/stm32f7xx_hal_can.o
                0x00000000080011ec                HAL_CAN_Init
 .text.HAL_CAN_Start
                0x00000000080013e2       0x88 Drivers/STM32F7xx_HAL_Driver/Src/stm32f7xx_hal_can.o
                0x00000000080013e2                HAL_CAN_Start
 .text.HAL_CAN_GetRxMessage
                0x000000000800146a      0x224 Drivers/STM32F7xx_HAL_Driver/Src/stm32f7xx_hal_can.o
                0x000000000800146a                HAL_CAN_GetRxMessage
 .text.HAL_CAN_ActivateNotification
                0x000000000800168e       0x4c Drivers/STM32F7xx_HAL_Driver/Src/stm32f7xx_hal_can.o
                0x000000000800168e                HAL_CAN_ActivateNotification
 .text.HAL_CAN_IRQHandler
                0x00000000080016da      0x36e Drivers/STM32F7xx_HAL_Driver/Src/stm32f7xx_hal_can.o
                0x00000000080016da                HAL_CAN_IRQHandler
 .text.HAL_CAN_TxMailbox0CompleteCallback
                0x0000000008001a48       0x14 Drivers/STM32F7xx_HAL_Driver/Src/stm32f7xx_hal_can.o
                0x0000000008001a48                HAL_CAN_TxMailbox0CompleteCallback
 .text.HAL_CAN_TxMailbox1CompleteCallback
                0x0000000008001a5c       0x14 Drivers/STM32F7xx_HAL_Driver/Src/stm32f7xx_hal_can.o
                0x0000000008001a5c                HAL_CAN_TxMailbox1CompleteCallback
 .text.HAL_CAN_TxMailbox2CompleteCallback
                0x0000000008001a70       0x14 Drivers/STM32F7xx_HAL_Driver/Src/stm32f7xx_hal_can.o
                0x0000000008001a70                HAL_CAN_TxMailbox2CompleteCallback
 .text.HAL_CAN_TxMailbox0AbortCallback
                0x0000000008001a84       0x14 Drivers/STM32F7xx_HAL_Driver/Src/stm32f7xx_hal_can.o
                0x0000000008001a84                HAL_CAN_TxMailbox0AbortCallback
 .text.HAL_CAN_TxMailbox1AbortCallback
                0x0000000008001a98       0x14 Drivers/STM32F7xx_HAL_Driver/Src/stm32f7xx_hal_can.o
                0x0000000008001a98                HAL_CAN_TxMailbox1AbortCallback
 .text.HAL_CAN_TxMailbox2AbortCallback
                0x0000000008001aac       0x14 Drivers/STM32F7xx_HAL_Driver/Src/stm32f7xx_hal_can.o
                0x0000000008001aac                HAL_CAN_TxMailbox2AbortCallback
 .text.HAL_CAN_RxFifo0FullCallback
                0x0000000008001ac0       0x14 Drivers/STM32F7xx_HAL_Driver/Src/stm32f7xx_hal_can.o
                0x0000000008001ac0                HAL_CAN_RxFifo0FullCallback
 .text.HAL_CAN_RxFifo1MsgPendingCallback
                0x0000000008001ad4       0x14 Drivers/STM32F7xx_HAL_Driver/Src/stm32f7xx_hal_can.o
                0x0000000008001ad4                HAL_CAN_RxFifo1MsgPendingCallback
 .text.HAL_CAN_RxFifo1FullCallback
                0x0000000008001ae8       0x14 Drivers/STM32F7xx_HAL_Driver/Src/stm32f7xx_hal_can.o
                0x0000000008001ae8                HAL_CAN_RxFifo1FullCallback
 .text.HAL_CAN_SleepCallback
                0x0000000008001afc       0x14 Drivers/STM32F7xx_HAL_Driver/Src/stm32f7xx_hal_can.o
                0x0000000008001afc                HAL_CAN_SleepCallback
 .text.HAL_CAN_WakeUpFromRxMsgCallback
                0x0000000008001b10       0x14 Drivers/STM32F7xx_HAL_Driver/Src/stm32f7xx_hal_can.o
                0x0000000008001b10                HAL_CAN_WakeUpFromRxMsgCallback
 .text.HAL_CAN_ErrorCallback
                0x0000000008001b24       0x14 Drivers/STM32F7xx_HAL_Driver/Src/stm32f7xx_hal_can.o
                0x0000000008001b24                HAL_CAN_ErrorCallback
 .text.__NVIC_SetPriorityGrouping
                0x0000000008001b38       0x48 Drivers/STM32F7xx_HAL_Driver/Src/stm32f7xx_hal_cortex.o
 .text.__NVIC_GetPriorityGrouping
                0x0000000008001b80       0x1c Drivers/STM32F7xx_HAL_Driver/Src/stm32f7xx_hal_cortex.o
 .text.__NVIC_EnableIRQ
                0x0000000008001b9c       0x3c Drivers/STM32F7xx_HAL_Driver/Src/stm32f7xx_hal_cortex.o
 .text.__NVIC_SetPriority
                0x0000000008001bd8       0x54 Drivers/STM32F7xx_HAL_Driver/Src/stm32f7xx_hal_cortex.o
 .text.NVIC_EncodePriority
                0x0000000008001c2c       0x66 Drivers/STM32F7xx_HAL_Driver/Src/stm32f7xx_hal_cortex.o
 .text.HAL_NVIC_SetPriorityGrouping
                0x0000000008001c92       0x16 Drivers/STM32F7xx_HAL_Driver/Src/stm32f7xx_hal_cortex.o
                0x0000000008001c92                HAL_NVIC_SetPriorityGrouping
 .text.HAL_NVIC_SetPriority
                0x0000000008001ca8       0x38 Drivers/STM32F7xx_HAL_Driver/Src/stm32f7xx_hal_cortex.o
                0x0000000008001ca8                HAL_NVIC_SetPriority
 .text.HAL_NVIC_EnableIRQ
                0x0000000008001ce0       0x1c Drivers/STM32F7xx_HAL_Driver/Src/stm32f7xx_hal_cortex.o
                0x0000000008001ce0                HAL_NVIC_EnableIRQ
 .text.HAL_DMA_Init
                0x0000000008001cfc      0x15c Drivers/STM32F7xx_HAL_Driver/Src/stm32f7xx_hal_dma.o
                0x0000000008001cfc                HAL_DMA_Init
 .text.HAL_DMA_Start_IT
                0x0000000008001e58       0xc0 Drivers/STM32F7xx_HAL_Driver/Src/stm32f7xx_hal_dma.o
                0x0000000008001e58                HAL_DMA_Start_IT
 .text.HAL_DMA_Abort_IT
                0x0000000008001f18       0x44 Drivers/STM32F7xx_HAL_Driver/Src/stm32f7xx_hal_dma.o
                0x0000000008001f18                HAL_DMA_Abort_IT
 .text.HAL_DMA_IRQHandler
                0x0000000008001f5c      0x314 Drivers/STM32F7xx_HAL_Driver/Src/stm32f7xx_hal_dma.o
                0x0000000008001f5c                HAL_DMA_IRQHandler
 .text.HAL_DMA_GetError
                0x0000000008002270       0x18 Drivers/STM32F7xx_HAL_Driver/Src/stm32f7xx_hal_dma.o
                0x0000000008002270                HAL_DMA_GetError
 .text.DMA_SetConfig
                0x0000000008002288       0x5c Drivers/STM32F7xx_HAL_Driver/Src/stm32f7xx_hal_dma.o
 .text.DMA_CalcBaseAndBitshift
                0x00000000080022e4       0x6c Drivers/STM32F7xx_HAL_Driver/Src/stm32f7xx_hal_dma.o
 .text.DMA_CheckFifoParam
                0x0000000008002350       0xf8 Drivers/STM32F7xx_HAL_Driver/Src/stm32f7xx_hal_dma.o
 .text.HAL_GPIO_Init
                0x0000000008002448      0x358 Drivers/STM32F7xx_HAL_Driver/Src/stm32f7xx_hal_gpio.o
                0x0000000008002448                HAL_GPIO_Init
 .text.HAL_GPIO_WritePin
                0x00000000080027a0       0x32 Drivers/STM32F7xx_HAL_Driver/Src/stm32f7xx_hal_gpio.o
                0x00000000080027a0                HAL_GPIO_WritePin
 .text.HAL_GPIO_TogglePin
                0x00000000080027d2       0x34 Drivers/STM32F7xx_HAL_Driver/Src/stm32f7xx_hal_gpio.o
                0x00000000080027d2                HAL_GPIO_TogglePin
 .text.HAL_PCD_Init
                0x0000000008002806      0x248 Drivers/STM32F7xx_HAL_Driver/Src/stm32f7xx_hal_pcd.o
                0x0000000008002806                HAL_PCD_Init
 *fill*         0x0000000008002a4e        0x2 
 .text.HAL_PCDEx_ActivateLPM
                0x0000000008002a50       0x48 Drivers/STM32F7xx_HAL_Driver/Src/stm32f7xx_hal_pcd_ex.o
                0x0000000008002a50                HAL_PCDEx_ActivateLPM
 .text.HAL_PWR_EnableBkUpAccess
                0x0000000008002a98       0x20 Drivers/STM32F7xx_HAL_Driver/Src/stm32f7xx_hal_pwr.o
                0x0000000008002a98                HAL_PWR_EnableBkUpAccess
 .text.HAL_RCC_OscConfig
                0x0000000008002ab8      0x55c Drivers/STM32F7xx_HAL_Driver/Src/stm32f7xx_hal_rcc.o
                0x0000000008002ab8                HAL_RCC_OscConfig
 .text.HAL_RCC_ClockConfig
                0x0000000008003014      0x1d8 Drivers/STM32F7xx_HAL_Driver/Src/stm32f7xx_hal_rcc.o
                0x0000000008003014                HAL_RCC_ClockConfig
 .text.HAL_RCC_GetSysClockFreq
                0x00000000080031ec      0x1c4 Drivers/STM32F7xx_HAL_Driver/Src/stm32f7xx_hal_rcc.o
                0x00000000080031ec                HAL_RCC_GetSysClockFreq
 .text.HAL_RCC_GetHCLKFreq
                0x00000000080033b0       0x18 Drivers/STM32F7xx_HAL_Driver/Src/stm32f7xx_hal_rcc.o
                0x00000000080033b0                HAL_RCC_GetHCLKFreq
 .text.HAL_RCC_GetPCLK1Freq
                0x00000000080033c8       0x28 Drivers/STM32F7xx_HAL_Driver/Src/stm32f7xx_hal_rcc.o
                0x00000000080033c8                HAL_RCC_GetPCLK1Freq
 .text.HAL_RCC_GetPCLK2Freq
                0x00000000080033f0       0x28 Drivers/STM32F7xx_HAL_Driver/Src/stm32f7xx_hal_rcc.o
                0x00000000080033f0                HAL_RCC_GetPCLK2Freq
 .text.HAL_RCC_GetClockConfig
                0x0000000008003418       0x64 Drivers/STM32F7xx_HAL_Driver/Src/stm32f7xx_hal_rcc.o
                0x0000000008003418                HAL_RCC_GetClockConfig
 .text.HAL_RCCEx_PeriphCLKConfig
                0x000000000800347c      0x850 Drivers/STM32F7xx_HAL_Driver/Src/stm32f7xx_hal_rcc_ex.o
                0x000000000800347c                HAL_RCCEx_PeriphCLKConfig
 .text.HAL_SD_Init
                0x0000000008003ccc       0x60 Drivers/STM32F7xx_HAL_Driver/Src/stm32f7xx_hal_sd.o
                0x0000000008003ccc                HAL_SD_Init
 .text.HAL_SD_InitCard
                0x0000000008003d2c      0x10c Drivers/STM32F7xx_HAL_Driver/Src/stm32f7xx_hal_sd.o
                0x0000000008003d2c                HAL_SD_InitCard
 .text.HAL_SD_ReadBlocks_DMA
                0x0000000008003e38      0x1c4 Drivers/STM32F7xx_HAL_Driver/Src/stm32f7xx_hal_sd.o
                0x0000000008003e38                HAL_SD_ReadBlocks_DMA
 .text.HAL_SD_WriteBlocks_DMA
                0x0000000008003ffc      0x1cc Drivers/STM32F7xx_HAL_Driver/Src/stm32f7xx_hal_sd.o
                0x0000000008003ffc                HAL_SD_WriteBlocks_DMA
 .text.HAL_SD_IRQHandler
                0x00000000080041c8      0x2ec Drivers/STM32F7xx_HAL_Driver/Src/stm32f7xx_hal_sd.o
                0x00000000080041c8                HAL_SD_IRQHandler
 .text.HAL_SD_ErrorCallback
                0x00000000080044b4       0x14 Drivers/STM32F7xx_HAL_Driver/Src/stm32f7xx_hal_sd.o
                0x00000000080044b4                HAL_SD_ErrorCallback
 .text.HAL_SD_GetCardCSD
                0x00000000080044c8      0x348 Drivers/STM32F7xx_HAL_Driver/Src/stm32f7xx_hal_sd.o
                0x00000000080044c8                HAL_SD_GetCardCSD
 .text.HAL_SD_GetCardInfo
                0x0000000008004810       0x58 Drivers/STM32F7xx_HAL_Driver/Src/stm32f7xx_hal_sd.o
                0x0000000008004810                HAL_SD_GetCardInfo
 .text.HAL_SD_ConfigWideBusOperation
                0x0000000008004868      0x134 Drivers/STM32F7xx_HAL_Driver/Src/stm32f7xx_hal_sd.o
                0x0000000008004868                HAL_SD_ConfigWideBusOperation
 .text.HAL_SD_GetCardState
                0x000000000800499c       0x40 Drivers/STM32F7xx_HAL_Driver/Src/stm32f7xx_hal_sd.o
                0x000000000800499c                HAL_SD_GetCardState
 .text.SD_DMATransmitCplt
                0x00000000080049dc       0x2a Drivers/STM32F7xx_HAL_Driver/Src/stm32f7xx_hal_sd.o
 .text.SD_DMAReceiveCplt
                0x0000000008004a06       0x70 Drivers/STM32F7xx_HAL_Driver/Src/stm32f7xx_hal_sd.o
 *fill*         0x0000000008004a76        0x2 
 .text.SD_DMAError
                0x0000000008004a78       0xa4 Drivers/STM32F7xx_HAL_Driver/Src/stm32f7xx_hal_sd.o
 .text.SD_DMATxAbort
                0x0000000008004b1c       0x6e Drivers/STM32F7xx_HAL_Driver/Src/stm32f7xx_hal_sd.o
 .text.SD_DMARxAbort
                0x0000000008004b8a       0x6e Drivers/STM32F7xx_HAL_Driver/Src/stm32f7xx_hal_sd.o
 .text.SD_InitCard
                0x0000000008004bf8      0x198 Drivers/STM32F7xx_HAL_Driver/Src/stm32f7xx_hal_sd.o
 .text.SD_PowerON
                0x0000000008004d90      0x11c Drivers/STM32F7xx_HAL_Driver/Src/stm32f7xx_hal_sd.o
 .text.SD_SendStatus
                0x0000000008004eac       0x50 Drivers/STM32F7xx_HAL_Driver/Src/stm32f7xx_hal_sd.o
 .text.SD_WideBus_Enable
                0x0000000008004efc       0x96 Drivers/STM32F7xx_HAL_Driver/Src/stm32f7xx_hal_sd.o
 .text.SD_WideBus_Disable
                0x0000000008004f92       0x96 Drivers/STM32F7xx_HAL_Driver/Src/stm32f7xx_hal_sd.o
 .text.SD_FindSCR
                0x0000000008005028      0x1a6 Drivers/STM32F7xx_HAL_Driver/Src/stm32f7xx_hal_sd.o
 .text.SD_Read_IT
                0x00000000080051ce       0xa2 Drivers/STM32F7xx_HAL_Driver/Src/stm32f7xx_hal_sd.o
 .text.SD_Write_IT
                0x0000000008005270       0xaa Drivers/STM32F7xx_HAL_Driver/Src/stm32f7xx_hal_sd.o
 .text.HAL_TIM_Base_Init
                0x000000000800531a       0xae Drivers/STM32F7xx_HAL_Driver/Src/stm32f7xx_hal_tim.o
                0x000000000800531a                HAL_TIM_Base_Init
 .text.HAL_TIM_Base_MspInit
                0x00000000080053c8       0x14 Drivers/STM32F7xx_HAL_Driver/Src/stm32f7xx_hal_tim.o
                0x00000000080053c8                HAL_TIM_Base_MspInit
 .text.HAL_TIM_Base_Start_IT
                0x00000000080053dc       0xf0 Drivers/STM32F7xx_HAL_Driver/Src/stm32f7xx_hal_tim.o
                0x00000000080053dc                HAL_TIM_Base_Start_IT
 .text.HAL_TIM_IRQHandler
                0x00000000080054cc      0x23e Drivers/STM32F7xx_HAL_Driver/Src/stm32f7xx_hal_tim.o
                0x00000000080054cc                HAL_TIM_IRQHandler
 .text.HAL_TIM_OC_DelayElapsedCallback
                0x000000000800570a       0x14 Drivers/STM32F7xx_HAL_Driver/Src/stm32f7xx_hal_tim.o
                0x000000000800570a                HAL_TIM_OC_DelayElapsedCallback
 .text.HAL_TIM_IC_CaptureCallback
                0x000000000800571e       0x14 Drivers/STM32F7xx_HAL_Driver/Src/stm32f7xx_hal_tim.o
                0x000000000800571e                HAL_TIM_IC_CaptureCallback
 .text.HAL_TIM_PWM_PulseFinishedCallback
                0x0000000008005732       0x14 Drivers/STM32F7xx_HAL_Driver/Src/stm32f7xx_hal_tim.o
                0x0000000008005732                HAL_TIM_PWM_PulseFinishedCallback
 .text.HAL_TIM_TriggerCallback
                0x0000000008005746       0x14 Drivers/STM32F7xx_HAL_Driver/Src/stm32f7xx_hal_tim.o
                0x0000000008005746                HAL_TIM_TriggerCallback
 *fill*         0x000000000800575a        0x2 
 .text.TIM_Base_SetConfig
                0x000000000800575c      0x140 Drivers/STM32F7xx_HAL_Driver/Src/stm32f7xx_hal_tim.o
                0x000000000800575c                TIM_Base_SetConfig
 .text.HAL_TIMEx_CommutCallback
                0x000000000800589c       0x14 Drivers/STM32F7xx_HAL_Driver/Src/stm32f7xx_hal_tim_ex.o
                0x000000000800589c                HAL_TIMEx_CommutCallback
 .text.HAL_TIMEx_BreakCallback
                0x00000000080058b0       0x14 Drivers/STM32F7xx_HAL_Driver/Src/stm32f7xx_hal_tim_ex.o
                0x00000000080058b0                HAL_TIMEx_BreakCallback
 .text.HAL_TIMEx_Break2Callback
                0x00000000080058c4       0x14 Drivers/STM32F7xx_HAL_Driver/Src/stm32f7xx_hal_tim_ex.o
                0x00000000080058c4                HAL_TIMEx_Break2Callback
 .text.HAL_UART_Init
                0x00000000080058d8       0x9c Drivers/STM32F7xx_HAL_Driver/Src/stm32f7xx_hal_uart.o
                0x00000000080058d8                HAL_UART_Init
 .text.UART_SetConfig
                0x0000000008005974      0x4c4 Drivers/STM32F7xx_HAL_Driver/Src/stm32f7xx_hal_uart.o
                0x0000000008005974                UART_SetConfig
 .text.UART_AdvFeatureConfig
                0x0000000008005e38      0x144 Drivers/STM32F7xx_HAL_Driver/Src/stm32f7xx_hal_uart.o
                0x0000000008005e38                UART_AdvFeatureConfig
 .text.UART_CheckIdleState
                0x0000000008005f7c       0x92 Drivers/STM32F7xx_HAL_Driver/Src/stm32f7xx_hal_uart.o
                0x0000000008005f7c                UART_CheckIdleState
 .text.UART_WaitOnFlagUntilTimeout
                0x000000000800600e       0xf8 Drivers/STM32F7xx_HAL_Driver/Src/stm32f7xx_hal_uart.o
                0x000000000800600e                UART_WaitOnFlagUntilTimeout
 *fill*         0x0000000008006106        0x2 
 .text.SDMMC_Init
                0x0000000008006108       0x58 Drivers/STM32F7xx_HAL_Driver/Src/stm32f7xx_ll_sdmmc.o
                0x0000000008006108                SDMMC_Init
 .text.SDMMC_ReadFIFO
                0x0000000008006160       0x1a Drivers/STM32F7xx_HAL_Driver/Src/stm32f7xx_ll_sdmmc.o
                0x0000000008006160                SDMMC_ReadFIFO
 .text.SDMMC_WriteFIFO
                0x000000000800617a       0x22 Drivers/STM32F7xx_HAL_Driver/Src/stm32f7xx_ll_sdmmc.o
                0x000000000800617a                SDMMC_WriteFIFO
 .text.SDMMC_PowerState_ON
                0x000000000800619c       0x1e Drivers/STM32F7xx_HAL_Driver/Src/stm32f7xx_ll_sdmmc.o
                0x000000000800619c                SDMMC_PowerState_ON
 .text.SDMMC_GetPowerState
                0x00000000080061ba       0x1c Drivers/STM32F7xx_HAL_Driver/Src/stm32f7xx_ll_sdmmc.o
                0x00000000080061ba                SDMMC_GetPowerState
 *fill*         0x00000000080061d6        0x2 
 .text.SDMMC_SendCommand
                0x00000000080061d8       0x54 Drivers/STM32F7xx_HAL_Driver/Src/stm32f7xx_ll_sdmmc.o
                0x00000000080061d8                SDMMC_SendCommand
 .text.SDMMC_GetCommandResponse
                0x000000000800622c       0x1a Drivers/STM32F7xx_HAL_Driver/Src/stm32f7xx_ll_sdmmc.o
                0x000000000800622c                SDMMC_GetCommandResponse
 .text.SDMMC_GetResponse
                0x0000000008006246       0x26 Drivers/STM32F7xx_HAL_Driver/Src/stm32f7xx_ll_sdmmc.o
                0x0000000008006246                SDMMC_GetResponse
 .text.SDMMC_ConfigData
                0x000000000800626c       0x58 Drivers/STM32F7xx_HAL_Driver/Src/stm32f7xx_ll_sdmmc.o
                0x000000000800626c                SDMMC_ConfigData
 .text.SDMMC_CmdBlockLength
                0x00000000080062c4       0x44 Drivers/STM32F7xx_HAL_Driver/Src/stm32f7xx_ll_sdmmc.o
                0x00000000080062c4                SDMMC_CmdBlockLength
 .text.SDMMC_CmdReadSingleBlock
                0x0000000008006308       0x44 Drivers/STM32F7xx_HAL_Driver/Src/stm32f7xx_ll_sdmmc.o
                0x0000000008006308                SDMMC_CmdReadSingleBlock
 .text.SDMMC_CmdReadMultiBlock
                0x000000000800634c       0x44 Drivers/STM32F7xx_HAL_Driver/Src/stm32f7xx_ll_sdmmc.o
                0x000000000800634c                SDMMC_CmdReadMultiBlock
 .text.SDMMC_CmdWriteSingleBlock
                0x0000000008006390       0x44 Drivers/STM32F7xx_HAL_Driver/Src/stm32f7xx_ll_sdmmc.o
                0x0000000008006390                SDMMC_CmdWriteSingleBlock
 .text.SDMMC_CmdWriteMultiBlock
                0x00000000080063d4       0x44 Drivers/STM32F7xx_HAL_Driver/Src/stm32f7xx_ll_sdmmc.o
                0x00000000080063d4                SDMMC_CmdWriteMultiBlock
 .text.SDMMC_CmdStopTransfer
                0x0000000008006418       0x44 Drivers/STM32F7xx_HAL_Driver/Src/stm32f7xx_ll_sdmmc.o
                0x0000000008006418                SDMMC_CmdStopTransfer
 .text.SDMMC_CmdSelDesel
                0x000000000800645c       0x46 Drivers/STM32F7xx_HAL_Driver/Src/stm32f7xx_ll_sdmmc.o
                0x000000000800645c                SDMMC_CmdSelDesel
 .text.SDMMC_CmdGoIdleState
                0x00000000080064a2       0x3c Drivers/STM32F7xx_HAL_Driver/Src/stm32f7xx_ll_sdmmc.o
                0x00000000080064a2                SDMMC_CmdGoIdleState
 .text.SDMMC_CmdOperCond
                0x00000000080064de       0x3e Drivers/STM32F7xx_HAL_Driver/Src/stm32f7xx_ll_sdmmc.o
                0x00000000080064de                SDMMC_CmdOperCond
 .text.SDMMC_CmdAppCommand
                0x000000000800651c       0x44 Drivers/STM32F7xx_HAL_Driver/Src/stm32f7xx_ll_sdmmc.o
                0x000000000800651c                SDMMC_CmdAppCommand
 .text.SDMMC_CmdAppOperCommand
                0x0000000008006560       0x48 Drivers/STM32F7xx_HAL_Driver/Src/stm32f7xx_ll_sdmmc.o
                0x0000000008006560                SDMMC_CmdAppOperCommand
 .text.SDMMC_CmdBusWidth
                0x00000000080065a8       0x44 Drivers/STM32F7xx_HAL_Driver/Src/stm32f7xx_ll_sdmmc.o
                0x00000000080065a8                SDMMC_CmdBusWidth
 .text.SDMMC_CmdSendSCR
                0x00000000080065ec       0x42 Drivers/STM32F7xx_HAL_Driver/Src/stm32f7xx_ll_sdmmc.o
                0x00000000080065ec                SDMMC_CmdSendSCR
 .text.SDMMC_CmdSendCID
                0x000000000800662e       0x3c Drivers/STM32F7xx_HAL_Driver/Src/stm32f7xx_ll_sdmmc.o
                0x000000000800662e                SDMMC_CmdSendCID
 .text.SDMMC_CmdSendCSD
                0x000000000800666a       0x3e Drivers/STM32F7xx_HAL_Driver/Src/stm32f7xx_ll_sdmmc.o
                0x000000000800666a                SDMMC_CmdSendCSD
 .text.SDMMC_CmdSetRelAdd
                0x00000000080066a8       0x42 Drivers/STM32F7xx_HAL_Driver/Src/stm32f7xx_ll_sdmmc.o
                0x00000000080066a8                SDMMC_CmdSetRelAdd
 .text.SDMMC_CmdSendStatus
                0x00000000080066ea       0x44 Drivers/STM32F7xx_HAL_Driver/Src/stm32f7xx_ll_sdmmc.o
                0x00000000080066ea                SDMMC_CmdSendStatus
 *fill*         0x000000000800672e        0x2 
 .text.SDMMC_GetCmdError
                0x0000000008006730       0x58 Drivers/STM32F7xx_HAL_Driver/Src/stm32f7xx_ll_sdmmc.o
 .text.SDMMC_GetCmdResp1
                0x0000000008006788      0x1dc Drivers/STM32F7xx_HAL_Driver/Src/stm32f7xx_ll_sdmmc.o
 .text.SDMMC_GetCmdResp2
                0x0000000008006964       0x90 Drivers/STM32F7xx_HAL_Driver/Src/stm32f7xx_ll_sdmmc.o
 .text.SDMMC_GetCmdResp3
                0x00000000080069f4       0x7c Drivers/STM32F7xx_HAL_Driver/Src/stm32f7xx_ll_sdmmc.o
 .text.SDMMC_GetCmdResp6
                0x0000000008006a70       0xec Drivers/STM32F7xx_HAL_Driver/Src/stm32f7xx_ll_sdmmc.o
 .text.SDMMC_GetCmdResp7
                0x0000000008006b5c       0x9c Drivers/STM32F7xx_HAL_Driver/Src/stm32f7xx_ll_sdmmc.o
 .text.USB_CoreInit
                0x0000000008006bf8       0xb0 Drivers/STM32F7xx_HAL_Driver/Src/stm32f7xx_ll_usb.o
                0x0000000008006bf8                USB_CoreInit
 .text.USB_DisableGlobalInt
                0x0000000008006ca8       0x22 Drivers/STM32F7xx_HAL_Driver/Src/stm32f7xx_ll_usb.o
                0x0000000008006ca8                USB_DisableGlobalInt
 .text.USB_SetCurrentMode
                0x0000000008006cca       0x54 Drivers/STM32F7xx_HAL_Driver/Src/stm32f7xx_ll_usb.o
                0x0000000008006cca                USB_SetCurrentMode
 *fill*         0x0000000008006d1e        0x2 
 .text.USB_DevInit
                0x0000000008006d20      0x2dc Drivers/STM32F7xx_HAL_Driver/Src/stm32f7xx_ll_usb.o
                0x0000000008006d20                USB_DevInit
 .text.USB_FlushTxFifo
                0x0000000008006ffc       0x4c Drivers/STM32F7xx_HAL_Driver/Src/stm32f7xx_ll_usb.o
                0x0000000008006ffc                USB_FlushTxFifo
 .text.USB_FlushRxFifo
                0x0000000008007048       0x44 Drivers/STM32F7xx_HAL_Driver/Src/stm32f7xx_ll_usb.o
                0x0000000008007048                USB_FlushRxFifo
 .text.USB_SetDevSpeed
                0x000000000800708c       0x32 Drivers/STM32F7xx_HAL_Driver/Src/stm32f7xx_ll_usb.o
                0x000000000800708c                USB_SetDevSpeed
 .text.USB_DevDisconnect
                0x00000000080070be       0x42 Drivers/STM32F7xx_HAL_Driver/Src/stm32f7xx_ll_usb.o
                0x00000000080070be                USB_DevDisconnect
 .text.USB_CoreReset
                0x0000000008007100       0x68 Drivers/STM32F7xx_HAL_Driver/Src/stm32f7xx_ll_usb.o
 .text.MX_FATFS_Init
                0x0000000008007168       0x24 FATFS/App/fatfs.o
                0x0000000008007168                MX_FATFS_Init
 .text.BSP_SD_Init
                0x000000000800718c       0x4c FATFS/Target/bsp_driver_sd.o
                0x000000000800718c                BSP_SD_Init
 .text.BSP_SD_ReadBlocks_DMA
                0x00000000080071d8       0x34 FATFS/Target/bsp_driver_sd.o
                0x00000000080071d8                BSP_SD_ReadBlocks_DMA
 .text.BSP_SD_WriteBlocks_DMA
                0x000000000800720c       0x34 FATFS/Target/bsp_driver_sd.o
                0x000000000800720c                BSP_SD_WriteBlocks_DMA
 .text.BSP_SD_GetCardState
                0x0000000008007240       0x20 FATFS/Target/bsp_driver_sd.o
                0x0000000008007240                BSP_SD_GetCardState
 .text.BSP_SD_GetCardInfo
                0x0000000008007260       0x1c FATFS/Target/bsp_driver_sd.o
                0x0000000008007260                BSP_SD_GetCardInfo
 .text.HAL_SD_AbortCallback
                0x000000000800727c       0x14 FATFS/Target/bsp_driver_sd.o
                0x000000000800727c                HAL_SD_AbortCallback
 .text.HAL_SD_TxCpltCallback
                0x0000000008007290       0x14 FATFS/Target/bsp_driver_sd.o
                0x0000000008007290                HAL_SD_TxCpltCallback
 .text.HAL_SD_RxCpltCallback
                0x00000000080072a4       0x14 FATFS/Target/bsp_driver_sd.o
                0x00000000080072a4                HAL_SD_RxCpltCallback
 .text.BSP_SD_AbortCallback
                0x00000000080072b8        0xe FATFS/Target/bsp_driver_sd.o
                0x00000000080072b8                BSP_SD_AbortCallback
 .text.BSP_SD_IsDetected
                0x00000000080072c6       0x1a FATFS/Target/bsp_driver_sd.o
                0x00000000080072c6                BSP_SD_IsDetected
 .text.SD_CheckStatusWithTimeout
                0x00000000080072e0       0x3a FATFS/Target/sd_diskio.o
 *fill*         0x000000000800731a        0x2 
 .text.SD_CheckStatus
                0x000000000800731c       0x3c FATFS/Target/sd_diskio.o
 .text.SD_initialize
                0x0000000008007358       0x84 FATFS/Target/sd_diskio.o
                0x0000000008007358                SD_initialize
 .text.SD_status
                0x00000000080073dc       0x1c FATFS/Target/sd_diskio.o
                0x00000000080073dc                SD_status
 .text.SD_read  0x00000000080073f8       0x94 FATFS/Target/sd_diskio.o
                0x00000000080073f8                SD_read
 .text.SD_write
                0x000000000800748c       0x90 FATFS/Target/sd_diskio.o
                0x000000000800748c                SD_write
 .text.SD_ioctl
                0x000000000800751c       0xb0 FATFS/Target/sd_diskio.o
                0x000000000800751c                SD_ioctl
 .text.BSP_SD_WriteCpltCallback
                0x00000000080075cc       0x24 FATFS/Target/sd_diskio.o
                0x00000000080075cc                BSP_SD_WriteCpltCallback
 .text.BSP_SD_ReadCpltCallback
                0x00000000080075f0       0x24 FATFS/Target/sd_diskio.o
                0x00000000080075f0                BSP_SD_ReadCpltCallback
 .text.FATFS_LinkDriverEx
                0x0000000008007614       0x98 Middlewares/Third_Party/FatFs/src/ff_gen_drv.o
                0x0000000008007614                FATFS_LinkDriverEx
 .text.FATFS_LinkDriver
                0x00000000080076ac       0x1e Middlewares/Third_Party/FatFs/src/ff_gen_drv.o
                0x00000000080076ac                FATFS_LinkDriver
 .text.SVC_Setup
                0x00000000080076ca        0xe Middlewares/Third_Party/FreeRTOS/Source/CMSIS_RTOS_V2/cmsis_os2.o
 .text.osKernelInitialize
                0x00000000080076d8       0x68 Middlewares/Third_Party/FreeRTOS/Source/CMSIS_RTOS_V2/cmsis_os2.o
                0x00000000080076d8                osKernelInitialize
 .text.osKernelGetState
                0x0000000008007740       0x44 Middlewares/Third_Party/FreeRTOS/Source/CMSIS_RTOS_V2/cmsis_os2.o
                0x0000000008007740                osKernelGetState
 .text.osKernelStart
                0x0000000008007784       0x6c Middlewares/Third_Party/FreeRTOS/Source/CMSIS_RTOS_V2/cmsis_os2.o
                0x0000000008007784                osKernelStart
 .text.osKernelGetTickCount
                0x00000000080077f0       0x50 Middlewares/Third_Party/FreeRTOS/Source/CMSIS_RTOS_V2/cmsis_os2.o
                0x00000000080077f0                osKernelGetTickCount
 .text.osThreadNew
                0x0000000008007840      0x14c Middlewares/Third_Party/FreeRTOS/Source/CMSIS_RTOS_V2/cmsis_os2.o
                0x0000000008007840                osThreadNew
 .text.osDelay  0x000000000800798c       0x5c Middlewares/Third_Party/FreeRTOS/Source/CMSIS_RTOS_V2/cmsis_os2.o
                0x000000000800798c                osDelay
 .text.TimerCallback
                0x00000000080079e8       0x2a Middlewares/Third_Party/FreeRTOS/Source/CMSIS_RTOS_V2/cmsis_os2.o
 *fill*         0x0000000008007a12        0x2 
 .text.osTimerNew
                0x0000000008007a14      0x108 Middlewares/Third_Party/FreeRTOS/Source/CMSIS_RTOS_V2/cmsis_os2.o
                0x0000000008007a14                osTimerNew
 .text.osTimerStart
                0x0000000008007b1c       0x80 Middlewares/Third_Party/FreeRTOS/Source/CMSIS_RTOS_V2/cmsis_os2.o
                0x0000000008007b1c                osTimerStart
 .text.osMessageQueueNew
                0x0000000008007b9c      0x10c Middlewares/Third_Party/FreeRTOS/Source/CMSIS_RTOS_V2/cmsis_os2.o
                0x0000000008007b9c                osMessageQueueNew
 .text.osMessageQueuePut
                0x0000000008007ca8       0xe8 Middlewares/Third_Party/FreeRTOS/Source/CMSIS_RTOS_V2/cmsis_os2.o
                0x0000000008007ca8                osMessageQueuePut
 .text.osMessageQueueGet
                0x0000000008007d90       0xe4 Middlewares/Third_Party/FreeRTOS/Source/CMSIS_RTOS_V2/cmsis_os2.o
                0x0000000008007d90                osMessageQueueGet
 .text.vApplicationGetIdleTaskMemory
                0x0000000008007e74       0x34 Middlewares/Third_Party/FreeRTOS/Source/CMSIS_RTOS_V2/cmsis_os2.o
                0x0000000008007e74                vApplicationGetIdleTaskMemory
 .text.vApplicationGetTimerTaskMemory
                0x0000000008007ea8       0x34 Middlewares/Third_Party/FreeRTOS/Source/CMSIS_RTOS_V2/cmsis_os2.o
                0x0000000008007ea8                vApplicationGetTimerTaskMemory
 .text.vListInitialise
                0x0000000008007edc       0x40 Middlewares/Third_Party/FreeRTOS/Source/list.o
                0x0000000008007edc                vListInitialise
 .text.vListInitialiseItem
                0x0000000008007f1c       0x1a Middlewares/Third_Party/FreeRTOS/Source/list.o
                0x0000000008007f1c                vListInitialiseItem
 .text.vListInsertEnd
                0x0000000008007f36       0x48 Middlewares/Third_Party/FreeRTOS/Source/list.o
                0x0000000008007f36                vListInsertEnd
 .text.vListInsert
                0x0000000008007f7e       0x72 Middlewares/Third_Party/FreeRTOS/Source/list.o
                0x0000000008007f7e                vListInsert
 .text.uxListRemove
                0x0000000008007ff0       0x54 Middlewares/Third_Party/FreeRTOS/Source/list.o
                0x0000000008007ff0                uxListRemove
 .text.xQueueGenericReset
                0x0000000008008044       0xd4 Middlewares/Third_Party/FreeRTOS/Source/queue.o
                0x0000000008008044                xQueueGenericReset
 .text.xQueueGenericCreateStatic
                0x0000000008008118      0x104 Middlewares/Third_Party/FreeRTOS/Source/queue.o
                0x0000000008008118                xQueueGenericCreateStatic
 .text.xQueueGenericCreate
                0x000000000800821c       0x84 Middlewares/Third_Party/FreeRTOS/Source/queue.o
                0x000000000800821c                xQueueGenericCreate
 .text.prvInitialiseNewQueue
                0x00000000080082a0       0x46 Middlewares/Third_Party/FreeRTOS/Source/queue.o
 *fill*         0x00000000080082e6        0x2 
 .text.xQueueGenericSend
                0x00000000080082e8      0x20c Middlewares/Third_Party/FreeRTOS/Source/queue.o
                0x00000000080082e8                xQueueGenericSend
 .text.xQueueGenericSendFromISR
                0x00000000080084f4      0x140 Middlewares/Third_Party/FreeRTOS/Source/queue.o
                0x00000000080084f4                xQueueGenericSendFromISR
 .text.xQueueReceive
                0x0000000008008634      0x1cc Middlewares/Third_Party/FreeRTOS/Source/queue.o
                0x0000000008008634                xQueueReceive
 .text.xQueueReceiveFromISR
                0x0000000008008800      0x10c Middlewares/Third_Party/FreeRTOS/Source/queue.o
                0x0000000008008800                xQueueReceiveFromISR
 .text.prvCopyDataToQueue
                0x000000000800890c       0xd4 Middlewares/Third_Party/FreeRTOS/Source/queue.o
 .text.prvCopyDataFromQueue
                0x00000000080089e0       0x4c Middlewares/Third_Party/FreeRTOS/Source/queue.o
 .text.prvUnlockQueue
                0x0000000008008a2c       0xa4 Middlewares/Third_Party/FreeRTOS/Source/queue.o
 .text.prvIsQueueEmpty
                0x0000000008008ad0       0x2c Middlewares/Third_Party/FreeRTOS/Source/queue.o
 .text.prvIsQueueFull
                0x0000000008008afc       0x30 Middlewares/Third_Party/FreeRTOS/Source/queue.o
 .text.vQueueAddToRegistry
                0x0000000008008b2c       0x54 Middlewares/Third_Party/FreeRTOS/Source/queue.o
                0x0000000008008b2c                vQueueAddToRegistry
 .text.vQueueWaitForMessageRestricted
                0x0000000008008b80       0x68 Middlewares/Third_Party/FreeRTOS/Source/queue.o
                0x0000000008008b80                vQueueWaitForMessageRestricted
 .text.xTaskCreateStatic
                0x0000000008008be8       0xc6 Middlewares/Third_Party/FreeRTOS/Source/tasks.o
                0x0000000008008be8                xTaskCreateStatic
 .text.xTaskCreate
                0x0000000008008cae       0x8a Middlewares/Third_Party/FreeRTOS/Source/tasks.o
                0x0000000008008cae                xTaskCreate
 .text.prvInitialiseNewTask
                0x0000000008008d38      0x122 Middlewares/Third_Party/FreeRTOS/Source/tasks.o
 *fill*         0x0000000008008e5a        0x2 
 .text.prvAddNewTaskToReadyList
                0x0000000008008e5c       0xe0 Middlewares/Third_Party/FreeRTOS/Source/tasks.o
 .text.vTaskDelay
                0x0000000008008f3c       0x6c Middlewares/Third_Party/FreeRTOS/Source/tasks.o
                0x0000000008008f3c                vTaskDelay
 .text.vTaskStartScheduler
                0x0000000008008fa8       0xd4 Middlewares/Third_Party/FreeRTOS/Source/tasks.o
                0x0000000008008fa8                vTaskStartScheduler
 .text.vTaskSuspendAll
                0x000000000800907c       0x1c Middlewares/Third_Party/FreeRTOS/Source/tasks.o
                0x000000000800907c                vTaskSuspendAll
 .text.xTaskResumeAll
                0x0000000008009098      0x140 Middlewares/Third_Party/FreeRTOS/Source/tasks.o
                0x0000000008009098                xTaskResumeAll
 .text.xTaskGetTickCount
                0x00000000080091d8       0x20 Middlewares/Third_Party/FreeRTOS/Source/tasks.o
                0x00000000080091d8                xTaskGetTickCount
 .text.xTaskGetTickCountFromISR
                0x00000000080091f8       0x24 Middlewares/Third_Party/FreeRTOS/Source/tasks.o
                0x00000000080091f8                xTaskGetTickCountFromISR
 .text.xTaskIncrementTick
                0x000000000800921c      0x178 Middlewares/Third_Party/FreeRTOS/Source/tasks.o
                0x000000000800921c                xTaskIncrementTick
 .text.vTaskSwitchContext
                0x0000000008009394       0xc0 Middlewares/Third_Party/FreeRTOS/Source/tasks.o
                0x0000000008009394                vTaskSwitchContext
 .text.vTaskPlaceOnEventList
                0x0000000008009454       0x4c Middlewares/Third_Party/FreeRTOS/Source/tasks.o
                0x0000000008009454                vTaskPlaceOnEventList
 .text.vTaskPlaceOnEventListRestricted
                0x00000000080094a0       0x5c Middlewares/Third_Party/FreeRTOS/Source/tasks.o
                0x00000000080094a0                vTaskPlaceOnEventListRestricted
 .text.xTaskRemoveFromEventList
                0x00000000080094fc       0xcc Middlewares/Third_Party/FreeRTOS/Source/tasks.o
                0x00000000080094fc                xTaskRemoveFromEventList
 .text.vTaskInternalSetTimeOutState
                0x00000000080095c8       0x2c Middlewares/Third_Party/FreeRTOS/Source/tasks.o
                0x00000000080095c8                vTaskInternalSetTimeOutState
 .text.xTaskCheckForTimeOut
                0x00000000080095f4       0xcc Middlewares/Third_Party/FreeRTOS/Source/tasks.o
                0x00000000080095f4                xTaskCheckForTimeOut
 .text.vTaskMissedYield
                0x00000000080096c0       0x18 Middlewares/Third_Party/FreeRTOS/Source/tasks.o
                0x00000000080096c0                vTaskMissedYield
 .text.prvIdleTask
                0x00000000080096d8       0x30 Middlewares/Third_Party/FreeRTOS/Source/tasks.o
 .text.prvInitialiseTaskLists
                0x0000000008009708       0x80 Middlewares/Third_Party/FreeRTOS/Source/tasks.o
 .text.prvCheckTasksWaitingTermination
                0x0000000008009788       0x5c Middlewares/Third_Party/FreeRTOS/Source/tasks.o
 .text.prvDeleteTCB
                0x00000000080097e4       0x62 Middlewares/Third_Party/FreeRTOS/Source/tasks.o
 *fill*         0x0000000008009846        0x2 
 .text.prvResetNextTaskUnblockTime
                0x0000000008009848       0x40 Middlewares/Third_Party/FreeRTOS/Source/tasks.o
 .text.xTaskGetSchedulerState
                0x0000000008009888       0x3c Middlewares/Third_Party/FreeRTOS/Source/tasks.o
                0x0000000008009888                xTaskGetSchedulerState
 .text.xTaskPriorityDisinherit
                0x00000000080098c4       0xe4 Middlewares/Third_Party/FreeRTOS/Source/tasks.o
                0x00000000080098c4                xTaskPriorityDisinherit
 .text.prvAddCurrentTaskToDelayedList
                0x00000000080099a8       0xa8 Middlewares/Third_Party/FreeRTOS/Source/tasks.o
 .text.xTimerCreateTimerTask
                0x0000000008009a50       0x94 Middlewares/Third_Party/FreeRTOS/Source/timers.o
                0x0000000008009a50                xTimerCreateTimerTask
 .text.xTimerCreate
                0x0000000008009ae4       0x42 Middlewares/Third_Party/FreeRTOS/Source/timers.o
                0x0000000008009ae4                xTimerCreate
 .text.xTimerCreateStatic
                0x0000000008009b26       0x84 Middlewares/Third_Party/FreeRTOS/Source/timers.o
                0x0000000008009b26                xTimerCreateStatic
 .text.prvInitialiseNewTimer
                0x0000000008009baa       0x7a Middlewares/Third_Party/FreeRTOS/Source/timers.o
 .text.xTimerGenericCommand
                0x0000000008009c24       0xa0 Middlewares/Third_Party/FreeRTOS/Source/timers.o
                0x0000000008009c24                xTimerGenericCommand
 .text.prvProcessExpiredTimer
                0x0000000008009cc4       0x9c Middlewares/Third_Party/FreeRTOS/Source/timers.o
 .text.prvTimerTask
                0x0000000008009d60       0x24 Middlewares/Third_Party/FreeRTOS/Source/timers.o
 .text.prvProcessTimerOrBlockTask
                0x0000000008009d84       0x9c Middlewares/Third_Party/FreeRTOS/Source/timers.o
 .text.prvGetNextExpireTime
                0x0000000008009e20       0x48 Middlewares/Third_Party/FreeRTOS/Source/timers.o
 .text.prvSampleTimeNow
                0x0000000008009e68       0x40 Middlewares/Third_Party/FreeRTOS/Source/timers.o
 .text.prvInsertTimerInActiveList
                0x0000000008009ea8       0x84 Middlewares/Third_Party/FreeRTOS/Source/timers.o
 .text.prvProcessReceivedCommands
                0x0000000008009f2c      0x1d0 Middlewares/Third_Party/FreeRTOS/Source/timers.o
 .text.prvSwitchTimerLists
                0x000000000800a0fc       0xcc Middlewares/Third_Party/FreeRTOS/Source/timers.o
 .text.prvCheckForValidListAndQueue
                0x000000000800a1c8       0x80 Middlewares/Third_Party/FreeRTOS/Source/timers.o
 .text.pvTimerGetTimerID
                0x000000000800a248       0x44 Middlewares/Third_Party/FreeRTOS/Source/timers.o
                0x000000000800a248                pvTimerGetTimerID
 .text.pxPortInitialiseStack
                0x000000000800a28c       0x68 Middlewares/Third_Party/FreeRTOS/Source/portable/GCC/ARM_CM7/r0p1/port.o
                0x000000000800a28c                pxPortInitialiseStack
 .text.prvTaskExitError
                0x000000000800a2f4       0x60 Middlewares/Third_Party/FreeRTOS/Source/portable/GCC/ARM_CM7/r0p1/port.o
 *fill*         0x000000000800a354        0xc 
 .text.SVC_Handler
                0x000000000800a360       0x28 Middlewares/Third_Party/FreeRTOS/Source/portable/GCC/ARM_CM7/r0p1/port.o
                0x000000000800a360                SVC_Handler
 .text.prvPortStartFirstTask
                0x000000000800a388       0x28 Middlewares/Third_Party/FreeRTOS/Source/portable/GCC/ARM_CM7/r0p1/port.o
 .text.xPortStartScheduler
                0x000000000800a3b0       0xfc Middlewares/Third_Party/FreeRTOS/Source/portable/GCC/ARM_CM7/r0p1/port.o
                0x000000000800a3b0                xPortStartScheduler
 .text.vPortEnterCritical
                0x000000000800a4ac       0x68 Middlewares/Third_Party/FreeRTOS/Source/portable/GCC/ARM_CM7/r0p1/port.o
                0x000000000800a4ac                vPortEnterCritical
 .text.vPortExitCritical
                0x000000000800a514       0x58 Middlewares/Third_Party/FreeRTOS/Source/portable/GCC/ARM_CM7/r0p1/port.o
                0x000000000800a514                vPortExitCritical
 *fill*         0x000000000800a56c        0x4 
 .text.PendSV_Handler
                0x000000000800a570       0x68 Middlewares/Third_Party/FreeRTOS/Source/portable/GCC/ARM_CM7/r0p1/port.o
                0x000000000800a570                PendSV_Handler
 .text.SysTick_Handler
                0x000000000800a5d8       0x48 Middlewares/Third_Party/FreeRTOS/Source/portable/GCC/ARM_CM7/r0p1/port.o
                0x000000000800a5d8                SysTick_Handler
 .text.vPortSetupTimerInterrupt
                0x000000000800a620       0x48 Middlewares/Third_Party/FreeRTOS/Source/portable/GCC/ARM_CM7/r0p1/port.o
                0x000000000800a620                vPortSetupTimerInterrupt
 .text.vPortEnableVFP
                0x000000000800a668       0x14 Middlewares/Third_Party/FreeRTOS/Source/portable/GCC/ARM_CM7/r0p1/port.o
 .text.vPortValidateInterruptPriority
                0x000000000800a67c       0x88 Middlewares/Third_Party/FreeRTOS/Source/portable/GCC/ARM_CM7/r0p1/port.o
                0x000000000800a67c                vPortValidateInterruptPriority
 .text.pvPortMalloc
                0x000000000800a704      0x194 Middlewares/Third_Party/FreeRTOS/Source/portable/MemMang/heap_4.o
                0x000000000800a704                pvPortMalloc
 .text.vPortFree
                0x000000000800a898       0xbc Middlewares/Third_Party/FreeRTOS/Source/portable/MemMang/heap_4.o
                0x000000000800a898                vPortFree
 .text.prvHeapInit
                0x000000000800a954       0xc4 Middlewares/Third_Party/FreeRTOS/Source/portable/MemMang/heap_4.o
 .text.prvInsertBlockIntoFreeList
                0x000000000800aa18       0xb4 Middlewares/Third_Party/FreeRTOS/Source/portable/MemMang/heap_4.o
 .text.__libc_init_array
                0x000000000800aacc       0x48 c:/st/stm32cubeide_1.6.1/stm32cubeide/plugins/com.st.stm32cube.ide.mcu.externaltools.gnu-tools-for-stm32.9-2020-q2-update.win32_1.5.0.202011040924/tools/bin/../lib/gcc/arm-none-eabi/9.3.1/../../../../arm-none-eabi/lib/thumb/v7e-m+dp/hard\libc_nano.a(lib_a-init.o)
                0x000000000800aacc                __libc_init_array
 .text.memcpy   0x000000000800ab14       0x1c c:/st/stm32cubeide_1.6.1/stm32cubeide/plugins/com.st.stm32cube.ide.mcu.externaltools.gnu-tools-for-stm32.9-2020-q2-update.win32_1.5.0.202011040924/tools/bin/../lib/gcc/arm-none-eabi/9.3.1/../../../../arm-none-eabi/lib/thumb/v7e-m+dp/hard\libc_nano.a(lib_a-memcpy-stub.o)
                0x000000000800ab14                memcpy
 .text.memset   0x000000000800ab30       0x10 c:/st/stm32cubeide_1.6.1/stm32cubeide/plugins/com.st.stm32cube.ide.mcu.externaltools.gnu-tools-for-stm32.9-2020-q2-update.win32_1.5.0.202011040924/tools/bin/../lib/gcc/arm-none-eabi/9.3.1/../../../../arm-none-eabi/lib/thumb/v7e-m+dp/hard\libc_nano.a(lib_a-memset.o)
                0x000000000800ab30                memset
 *(.glue_7)
 .glue_7        0x000000000800ab40        0x0 linker stubs
 *(.glue_7t)
 .glue_7t       0x000000000800ab40        0x0 linker stubs
 *(.eh_frame)
 .eh_frame      0x000000000800ab40        0x0 c:/st/stm32cubeide_1.6.1/stm32cubeide/plugins/com.st.stm32cube.ide.mcu.externaltools.gnu-tools-for-stm32.9-2020-q2-update.win32_1.5.0.202011040924/tools/bin/../lib/gcc/arm-none-eabi/9.3.1/thumb/v7e-m+dp/hard/crtbegin.o
 *(.init)
 .init          0x000000000800ab40        0x4 c:/st/stm32cubeide_1.6.1/stm32cubeide/plugins/com.st.stm32cube.ide.mcu.externaltools.gnu-tools-for-stm32.9-2020-q2-update.win32_1.5.0.202011040924/tools/bin/../lib/gcc/arm-none-eabi/9.3.1/thumb/v7e-m+dp/hard/crti.o
                0x000000000800ab40                _init
 .init          0x000000000800ab44        0x8 c:/st/stm32cubeide_1.6.1/stm32cubeide/plugins/com.st.stm32cube.ide.mcu.externaltools.gnu-tools-for-stm32.9-2020-q2-update.win32_1.5.0.202011040924/tools/bin/../lib/gcc/arm-none-eabi/9.3.1/thumb/v7e-m+dp/hard/crtn.o
 *(.fini)
 .fini          0x000000000800ab4c        0x4 c:/st/stm32cubeide_1.6.1/stm32cubeide/plugins/com.st.stm32cube.ide.mcu.externaltools.gnu-tools-for-stm32.9-2020-q2-update.win32_1.5.0.202011040924/tools/bin/../lib/gcc/arm-none-eabi/9.3.1/thumb/v7e-m+dp/hard/crti.o
                0x000000000800ab4c                _fini
 .fini          0x000000000800ab50        0x8 c:/st/stm32cubeide_1.6.1/stm32cubeide/plugins/com.st.stm32cube.ide.mcu.externaltools.gnu-tools-for-stm32.9-2020-q2-update.win32_1.5.0.202011040924/tools/bin/../lib/gcc/arm-none-eabi/9.3.1/thumb/v7e-m+dp/hard/crtn.o
                0x000000000800ab58                . = ALIGN (0x4)
                0x000000000800ab58                _etext = .

.vfp11_veneer   0x000000000800ab58        0x0
 .vfp11_veneer  0x000000000800ab58        0x0 linker stubs

.v4_bx          0x000000000800ab58        0x0
 .v4_bx         0x000000000800ab58        0x0 linker stubs

.iplt           0x000000000800ab58        0x0
 .iplt          0x000000000800ab58        0x0 c:/st/stm32cubeide_1.6.1/stm32cubeide/plugins/com.st.stm32cube.ide.mcu.externaltools.gnu-tools-for-stm32.9-2020-q2-update.win32_1.5.0.202011040924/tools/bin/../lib/gcc/arm-none-eabi/9.3.1/thumb/v7e-m+dp/hard/crtbegin.o

.rodata         0x000000000800ab58       0xa0
                0x000000000800ab58                . = ALIGN (0x4)
 *(.rodata)
 .rodata        0x000000000800ab58       0x20 Core/Src/main.o
 .rodata        0x000000000800ab78        0x5 Middlewares/Third_Party/FreeRTOS/Source/tasks.o
 *fill*         0x000000000800ab7d        0x3 
 .rodata        0x000000000800ab80        0xd Middlewares/Third_Party/FreeRTOS/Source/timers.o
 *(.rodata*)
 *fill*         0x000000000800ab8d        0x3 
 .rodata._ZL17SDcard_attributes
                0x000000000800ab90       0x24 Core/Src/main.o
 .rodata._ZL25CAN_send_timer_attributes
                0x000000000800abb4       0x10 Core/Src/main.o
 .rodata.AHBPrescTable
                0x000000000800abc4       0x10 Core/Src/system_stm32f7xx.o
                0x000000000800abc4                AHBPrescTable
 .rodata.APBPrescTable
                0x000000000800abd4        0x8 Core/Src/system_stm32f7xx.o
                0x000000000800abd4                APBPrescTable
 .rodata.flagBitshiftOffset.9945
                0x000000000800abdc        0x8 Drivers/STM32F7xx_HAL_Driver/Src/stm32f7xx_hal_dma.o
 .rodata.SD_Driver
                0x000000000800abe4       0x14 FATFS/Target/sd_diskio.o
                0x000000000800abe4                SD_Driver
                0x000000000800abf8                . = ALIGN (0x4)

.ARM.extab      0x000000000800abf8        0x0
                0x000000000800abf8                . = ALIGN (0x4)
 *(.ARM.extab* .gnu.linkonce.armextab.*)
                0x000000000800abf8                . = ALIGN (0x4)

.ARM            0x000000000800abf8        0x8
                0x000000000800abf8                . = ALIGN (0x4)
                0x000000000800abf8                __exidx_start = .
 *(.ARM.exidx*)
 .ARM.exidx     0x000000000800abf8        0x8 c:/st/stm32cubeide_1.6.1/stm32cubeide/plugins/com.st.stm32cube.ide.mcu.externaltools.gnu-tools-for-stm32.9-2020-q2-update.win32_1.5.0.202011040924/tools/bin/../lib/gcc/arm-none-eabi/9.3.1/thumb/v7e-m+dp/hard\libgcc.a(_udivmoddi4.o)
                0x000000000800ac00                __exidx_end = .
                0x000000000800ac00                . = ALIGN (0x4)

.rel.dyn        0x000000000800ac00        0x0
 .rel.iplt      0x000000000800ac00        0x0 c:/st/stm32cubeide_1.6.1/stm32cubeide/plugins/com.st.stm32cube.ide.mcu.externaltools.gnu-tools-for-stm32.9-2020-q2-update.win32_1.5.0.202011040924/tools/bin/../lib/gcc/arm-none-eabi/9.3.1/thumb/v7e-m+dp/hard/crtbegin.o

.preinit_array  0x000000000800ac00        0x0
                0x000000000800ac00                . = ALIGN (0x4)
                0x000000000800ac00                PROVIDE (__preinit_array_start = .)
 *(.preinit_array*)
                0x000000000800ac00                PROVIDE (__preinit_array_end = .)
                0x000000000800ac00                . = ALIGN (0x4)

.init_array     0x000000000800ac00        0x4
                0x000000000800ac00                . = ALIGN (0x4)
                0x000000000800ac00                PROVIDE (__init_array_start = .)
 *(SORT_BY_NAME(.init_array.*))
 *(.init_array*)
 .init_array    0x000000000800ac00        0x4 c:/st/stm32cubeide_1.6.1/stm32cubeide/plugins/com.st.stm32cube.ide.mcu.externaltools.gnu-tools-for-stm32.9-2020-q2-update.win32_1.5.0.202011040924/tools/bin/../lib/gcc/arm-none-eabi/9.3.1/thumb/v7e-m+dp/hard/crtbegin.o
                0x000000000800ac04                PROVIDE (__init_array_end = .)
                0x000000000800ac04                . = ALIGN (0x4)

.fini_array     0x000000000800ac04        0x4
                0x000000000800ac04                . = ALIGN (0x4)
                [!provide]                        PROVIDE (__fini_array_start = .)
 *(SORT_BY_NAME(.fini_array.*))
 *(.fini_array*)
 .fini_array    0x000000000800ac04        0x4 c:/st/stm32cubeide_1.6.1/stm32cubeide/plugins/com.st.stm32cube.ide.mcu.externaltools.gnu-tools-for-stm32.9-2020-q2-update.win32_1.5.0.202011040924/tools/bin/../lib/gcc/arm-none-eabi/9.3.1/thumb/v7e-m+dp/hard/crtbegin.o
                [!provide]                        PROVIDE (__fini_array_end = .)
                0x000000000800ac08                . = ALIGN (0x4)
                0x000000000800ac08                _sidata = LOADADDR (.data)

.data           0x0000000020000000       0x10 load address 0x000000000800ac08
                0x0000000020000000                . = ALIGN (0x4)
                0x0000000020000000                _sdata = .
 *(.data)
 *(.data*)
 .data.SystemCoreClock
                0x0000000020000000        0x4 Core/Src/system_stm32f7xx.o
                0x0000000020000000                SystemCoreClock
 .data.uwTickPrio
                0x0000000020000004        0x4 Drivers/STM32F7xx_HAL_Driver/Src/stm32f7xx_hal.o
                0x0000000020000004                uwTickPrio
 .data.uwTickFreq
                0x0000000020000008        0x1 Drivers/STM32F7xx_HAL_Driver/Src/stm32f7xx_hal.o
                0x0000000020000008                uwTickFreq
 .data.Stat     0x0000000020000009        0x1 FATFS/Target/sd_diskio.o
 *fill*         0x000000002000000a        0x2 
 .data.uxCriticalNesting
                0x000000002000000c        0x4 Middlewares/Third_Party/FreeRTOS/Source/portable/GCC/ARM_CM7/r0p1/port.o
 *(.RamFunc)
 *(.RamFunc*)
                0x0000000020000010                . = ALIGN (0x4)
                0x0000000020000010                _edata = .

.igot.plt       0x0000000020000010        0x0 load address 0x000000000800ac18
 .igot.plt      0x0000000020000010        0x0 c:/st/stm32cubeide_1.6.1/stm32cubeide/plugins/com.st.stm32cube.ide.mcu.externaltools.gnu-tools-for-stm32.9-2020-q2-update.win32_1.5.0.202011040924/tools/bin/../lib/gcc/arm-none-eabi/9.3.1/thumb/v7e-m+dp/hard/crtbegin.o
                0x0000000020000010                . = ALIGN (0x4)

.bss            0x0000000020000010     0x5468 load address 0x000000000800ac18
                0x0000000020000010                _sbss = .
                0x0000000020000010                __bss_start__ = _sbss
 *(.bss)
 .bss           0x0000000020000010       0x1c c:/st/stm32cubeide_1.6.1/stm32cubeide/plugins/com.st.stm32cube.ide.mcu.externaltools.gnu-tools-for-stm32.9-2020-q2-update.win32_1.5.0.202011040924/tools/bin/../lib/gcc/arm-none-eabi/9.3.1/thumb/v7e-m+dp/hard/crtbegin.o
 *(.bss*)
 .bss.hcan1     0x000000002000002c       0x28 Core/Src/main.o
                0x000000002000002c                hcan1
 .bss.hsd1      0x0000000020000054       0x84 Core/Src/main.o
                0x0000000020000054                hsd1
 .bss.hdma_sdmmc1_rx
                0x00000000200000d8       0x60 Core/Src/main.o
                0x00000000200000d8                hdma_sdmmc1_rx
 .bss.hdma_sdmmc1_tx
                0x0000000020000138       0x60 Core/Src/main.o
                0x0000000020000138                hdma_sdmmc1_tx
 .bss.huart3    0x0000000020000198       0x84 Core/Src/main.o
                0x0000000020000198                huart3
 .bss.hpcd_USB_OTG_FS
                0x000000002000021c      0x404 Core/Src/main.o
                0x000000002000021c                hpcd_USB_OTG_FS
 .bss.SDcardHandle
                0x0000000020000620        0x4 Core/Src/main.o
                0x0000000020000620                SDcardHandle
 .bss.CAN_send_timerHandle
                0x0000000020000624        0x4 Core/Src/main.o
                0x0000000020000624                CAN_send_timerHandle
 .bss.RxHeader  0x0000000020000628       0x1c Core/Src/main.o
                0x0000000020000628                RxHeader
 .bss.TxHeader  0x0000000020000644       0x18 Core/Src/main.o
                0x0000000020000644                TxHeader
 .bss.Rx_buffer
                0x000000002000065c        0x8 Core/Src/main.o
                0x000000002000065c                Rx_buffer
 .bss.SDQueueID
                0x0000000020000664        0x4 FATFS/Target/sd_diskio.o
 .bss.disk      0x0000000020000668        0xc Middlewares/Third_Party/FatFs/src/ff_gen_drv.o
                0x0000000020000668                disk
 .bss.KernelState
                0x0000000020000674        0x4 Middlewares/Third_Party/FreeRTOS/Source/CMSIS_RTOS_V2/cmsis_os2.o
 .bss.Idle_TCB  0x0000000020000678       0x5c Middlewares/Third_Party/FreeRTOS/Source/CMSIS_RTOS_V2/cmsis_os2.o
 .bss.Idle_Stack
                0x00000000200006d4      0x200 Middlewares/Third_Party/FreeRTOS/Source/CMSIS_RTOS_V2/cmsis_os2.o
 .bss.Timer_TCB
                0x00000000200008d4       0x5c Middlewares/Third_Party/FreeRTOS/Source/CMSIS_RTOS_V2/cmsis_os2.o
 .bss.Timer_Stack
                0x0000000020000930      0x400 Middlewares/Third_Party/FreeRTOS/Source/CMSIS_RTOS_V2/cmsis_os2.o
 .bss.pxCurrentTCB
                0x0000000020000d30        0x4 Middlewares/Third_Party/FreeRTOS/Source/tasks.o
                0x0000000020000d30                pxCurrentTCB
 .bss.pxReadyTasksLists
                0x0000000020000d34      0x460 Middlewares/Third_Party/FreeRTOS/Source/tasks.o
 .bss.xDelayedTaskList1
                0x0000000020001194       0x14 Middlewares/Third_Party/FreeRTOS/Source/tasks.o
 .bss.xDelayedTaskList2
                0x00000000200011a8       0x14 Middlewares/Third_Party/FreeRTOS/Source/tasks.o
 .bss.pxDelayedTaskList
                0x00000000200011bc        0x4 Middlewares/Third_Party/FreeRTOS/Source/tasks.o
 .bss.pxOverflowDelayedTaskList
                0x00000000200011c0        0x4 Middlewares/Third_Party/FreeRTOS/Source/tasks.o
 .bss.xPendingReadyList
                0x00000000200011c4       0x14 Middlewares/Third_Party/FreeRTOS/Source/tasks.o
 .bss.xTasksWaitingTermination
                0x00000000200011d8       0x14 Middlewares/Third_Party/FreeRTOS/Source/tasks.o
 .bss.uxDeletedTasksWaitingCleanUp
                0x00000000200011ec        0x4 Middlewares/Third_Party/FreeRTOS/Source/tasks.o
 .bss.xSuspendedTaskList
                0x00000000200011f0       0x14 Middlewares/Third_Party/FreeRTOS/Source/tasks.o
 .bss.uxCurrentNumberOfTasks
                0x0000000020001204        0x4 Middlewares/Third_Party/FreeRTOS/Source/tasks.o
 .bss.xTickCount
                0x0000000020001208        0x4 Middlewares/Third_Party/FreeRTOS/Source/tasks.o
 .bss.uxTopReadyPriority
                0x000000002000120c        0x4 Middlewares/Third_Party/FreeRTOS/Source/tasks.o
 .bss.xSchedulerRunning
                0x0000000020001210        0x4 Middlewares/Third_Party/FreeRTOS/Source/tasks.o
 .bss.uxPendedTicks
                0x0000000020001214        0x4 Middlewares/Third_Party/FreeRTOS/Source/tasks.o
 .bss.xYieldPending
                0x0000000020001218        0x4 Middlewares/Third_Party/FreeRTOS/Source/tasks.o
 .bss.xNumOfOverflows
                0x000000002000121c        0x4 Middlewares/Third_Party/FreeRTOS/Source/tasks.o
 .bss.uxTaskNumber
                0x0000000020001220        0x4 Middlewares/Third_Party/FreeRTOS/Source/tasks.o
 .bss.xNextTaskUnblockTime
                0x0000000020001224        0x4 Middlewares/Third_Party/FreeRTOS/Source/tasks.o
 .bss.xIdleTaskHandle
                0x0000000020001228        0x4 Middlewares/Third_Party/FreeRTOS/Source/tasks.o
 .bss.uxSchedulerSuspended
                0x000000002000122c        0x4 Middlewares/Third_Party/FreeRTOS/Source/tasks.o
 .bss.xActiveTimerList1
                0x0000000020001230       0x14 Middlewares/Third_Party/FreeRTOS/Source/timers.o
 .bss.xActiveTimerList2
                0x0000000020001244       0x14 Middlewares/Third_Party/FreeRTOS/Source/timers.o
 .bss.pxCurrentTimerList
                0x0000000020001258        0x4 Middlewares/Third_Party/FreeRTOS/Source/timers.o
 .bss.pxOverflowTimerList
                0x000000002000125c        0x4 Middlewares/Third_Party/FreeRTOS/Source/timers.o
 .bss.xTimerQueue
                0x0000000020001260        0x4 Middlewares/Third_Party/FreeRTOS/Source/timers.o
 .bss.xTimerTaskHandle
                0x0000000020001264        0x4 Middlewares/Third_Party/FreeRTOS/Source/timers.o
 .bss.xLastTime.6901
                0x0000000020001268        0x4 Middlewares/Third_Party/FreeRTOS/Source/timers.o
 .bss.ucStaticTimerQueueStorage.6952
                0x000000002000126c       0xa0 Middlewares/Third_Party/FreeRTOS/Source/timers.o
 .bss.xStaticTimerQueue.6951
                0x000000002000130c       0x50 Middlewares/Third_Party/FreeRTOS/Source/timers.o
 .bss.ucMaxSysCallPriority
                0x000000002000135c        0x1 Middlewares/Third_Party/FreeRTOS/Source/portable/GCC/ARM_CM7/r0p1/port.o
 *fill*         0x000000002000135d        0x3 
 .bss.ulMaxPRIGROUPValue
                0x0000000020001360        0x4 Middlewares/Third_Party/FreeRTOS/Source/portable/GCC/ARM_CM7/r0p1/port.o
 .bss.ucHeap    0x0000000020001364     0x3c00 Middlewares/Third_Party/FreeRTOS/Source/portable/MemMang/heap_4.o
 .bss.xStart    0x0000000020004f64        0x8 Middlewares/Third_Party/FreeRTOS/Source/portable/MemMang/heap_4.o
 .bss.pxEnd     0x0000000020004f6c        0x4 Middlewares/Third_Party/FreeRTOS/Source/portable/MemMang/heap_4.o
 .bss.xFreeBytesRemaining
                0x0000000020004f70        0x4 Middlewares/Third_Party/FreeRTOS/Source/portable/MemMang/heap_4.o
 .bss.xMinimumEverFreeBytesRemaining
                0x0000000020004f74        0x4 Middlewares/Third_Party/FreeRTOS/Source/portable/MemMang/heap_4.o
 .bss.xBlockAllocatedBit
                0x0000000020004f78        0x4 Middlewares/Third_Party/FreeRTOS/Source/portable/MemMang/heap_4.o
 *(COMMON)
 COMMON         0x0000000020004f7c       0x4c Core/Src/stm32f7xx_hal_timebase_tim.o
                0x0000000020004f7c                htim6
 COMMON         0x0000000020004fc8        0x4 Drivers/STM32F7xx_HAL_Driver/Src/stm32f7xx_hal.o
                0x0000000020004fc8                uwTick
 COMMON         0x0000000020004fcc      0x46c FATFS/App/fatfs.o
                0x0000000020004fcc                retSD
                0x0000000020004fd0                SDPath
                0x0000000020004fd4                SDFile
                0x0000000020005204                SDFatFS
 COMMON         0x0000000020005438       0x40 Middlewares/Third_Party/FreeRTOS/Source/queue.o
                0x0000000020005438                xQueueRegistry
                0x0000000020005478                . = ALIGN (0x4)
                0x0000000020005478                _ebss = .
                0x0000000020005478                __bss_end__ = _ebss

._user_heap_stack
                0x0000000020005478      0xc00 load address 0x000000000800ac18
                0x0000000020005478                . = ALIGN (0x8)
                [!provide]                        PROVIDE (end = .)
                0x0000000020005478                PROVIDE (_end = .)
                0x0000000020005878                . = (. + _Min_Heap_Size)
 *fill*         0x0000000020005478      0x400 
                0x0000000020006078                . = (. + _Min_Stack_Size)
 *fill*         0x0000000020005878      0x800 
                0x0000000020006078                . = ALIGN (0x8)

/DISCARD/
 libc.a(*)
 libm.a(*)
 libgcc.a(*)

.ARM.attributes
                0x0000000000000000       0x2e
 *(.ARM.attributes)
 .ARM.attributes
                0x0000000000000000       0x1e c:/st/stm32cubeide_1.6.1/stm32cubeide/plugins/com.st.stm32cube.ide.mcu.externaltools.gnu-tools-for-stm32.9-2020-q2-update.win32_1.5.0.202011040924/tools/bin/../lib/gcc/arm-none-eabi/9.3.1/thumb/v7e-m+dp/hard/crti.o
 .ARM.attributes
                0x000000000000001e       0x32 c:/st/stm32cubeide_1.6.1/stm32cubeide/plugins/com.st.stm32cube.ide.mcu.externaltools.gnu-tools-for-stm32.9-2020-q2-update.win32_1.5.0.202011040924/tools/bin/../lib/gcc/arm-none-eabi/9.3.1/thumb/v7e-m+dp/hard/crtbegin.o
 .ARM.attributes
                0x0000000000000050       0x32 Core/Src/main.o
 .ARM.attributes
                0x0000000000000082       0x32 Core/Src/stm32f7xx_hal_msp.o
 .ARM.attributes
                0x00000000000000b4       0x32 Core/Src/stm32f7xx_hal_timebase_tim.o
 .ARM.attributes
                0x00000000000000e6       0x32 Core/Src/stm32f7xx_it.o
 .ARM.attributes
                0x0000000000000118       0x32 Core/Src/system_stm32f7xx.o
 .ARM.attributes
                0x000000000000014a       0x21 Core/Startup/startup_stm32f767zitx.o
 .ARM.attributes
                0x000000000000016b       0x32 Drivers/STM32F7xx_HAL_Driver/Src/stm32f7xx_hal.o
 .ARM.attributes
                0x000000000000019d       0x32 Drivers/STM32F7xx_HAL_Driver/Src/stm32f7xx_hal_can.o
 .ARM.attributes
                0x00000000000001cf       0x32 Drivers/STM32F7xx_HAL_Driver/Src/stm32f7xx_hal_cortex.o
 .ARM.attributes
                0x0000000000000201       0x32 Drivers/STM32F7xx_HAL_Driver/Src/stm32f7xx_hal_dma.o
 .ARM.attributes
                0x0000000000000233       0x32 Drivers/STM32F7xx_HAL_Driver/Src/stm32f7xx_hal_gpio.o
 .ARM.attributes
                0x0000000000000265       0x32 Drivers/STM32F7xx_HAL_Driver/Src/stm32f7xx_hal_pcd.o
 .ARM.attributes
                0x0000000000000297       0x32 Drivers/STM32F7xx_HAL_Driver/Src/stm32f7xx_hal_pcd_ex.o
 .ARM.attributes
                0x00000000000002c9       0x32 Drivers/STM32F7xx_HAL_Driver/Src/stm32f7xx_hal_pwr.o
 .ARM.attributes
                0x00000000000002fb       0x32 Drivers/STM32F7xx_HAL_Driver/Src/stm32f7xx_hal_rcc.o
 .ARM.attributes
                0x000000000000032d       0x32 Drivers/STM32F7xx_HAL_Driver/Src/stm32f7xx_hal_rcc_ex.o
 .ARM.attributes
                0x000000000000035f       0x32 Drivers/STM32F7xx_HAL_Driver/Src/stm32f7xx_hal_sd.o
 .ARM.attributes
                0x0000000000000391       0x32 Drivers/STM32F7xx_HAL_Driver/Src/stm32f7xx_hal_tim.o
 .ARM.attributes
                0x00000000000003c3       0x32 Drivers/STM32F7xx_HAL_Driver/Src/stm32f7xx_hal_tim_ex.o
 .ARM.attributes
                0x00000000000003f5       0x32 Drivers/STM32F7xx_HAL_Driver/Src/stm32f7xx_hal_uart.o
 .ARM.attributes
                0x0000000000000427       0x32 Drivers/STM32F7xx_HAL_Driver/Src/stm32f7xx_ll_sdmmc.o
 .ARM.attributes
                0x0000000000000459       0x32 Drivers/STM32F7xx_HAL_Driver/Src/stm32f7xx_ll_usb.o
 .ARM.attributes
                0x000000000000048b       0x32 FATFS/App/fatfs.o
 .ARM.attributes
                0x00000000000004bd       0x32 FATFS/Target/bsp_driver_sd.o
 .ARM.attributes
                0x00000000000004ef       0x32 FATFS/Target/sd_diskio.o
 .ARM.attributes
                0x0000000000000521       0x32 Middlewares/Third_Party/FatFs/src/ff_gen_drv.o
 .ARM.attributes
                0x0000000000000553       0x32 Middlewares/Third_Party/FreeRTOS/Source/CMSIS_RTOS_V2/cmsis_os2.o
 .ARM.attributes
                0x0000000000000585       0x32 Middlewares/Third_Party/FreeRTOS/Source/list.o
 .ARM.attributes
                0x00000000000005b7       0x32 Middlewares/Third_Party/FreeRTOS/Source/queue.o
 .ARM.attributes
                0x00000000000005e9       0x32 Middlewares/Third_Party/FreeRTOS/Source/tasks.o
 .ARM.attributes
                0x000000000000061b       0x32 Middlewares/Third_Party/FreeRTOS/Source/timers.o
 .ARM.attributes
                0x000000000000064d       0x32 Middlewares/Third_Party/FreeRTOS/Source/portable/GCC/ARM_CM7/r0p1/port.o
 .ARM.attributes
                0x000000000000067f       0x32 Middlewares/Third_Party/FreeRTOS/Source/portable/MemMang/heap_4.o
 .ARM.attributes
                0x00000000000006b1       0x32 c:/st/stm32cubeide_1.6.1/stm32cubeide/plugins/com.st.stm32cube.ide.mcu.externaltools.gnu-tools-for-stm32.9-2020-q2-update.win32_1.5.0.202011040924/tools/bin/../lib/gcc/arm-none-eabi/9.3.1/../../../../arm-none-eabi/lib/thumb/v7e-m+dp/hard\libc_nano.a(lib_a-init.o)
 .ARM.attributes
                0x00000000000006e3       0x32 c:/st/stm32cubeide_1.6.1/stm32cubeide/plugins/com.st.stm32cube.ide.mcu.externaltools.gnu-tools-for-stm32.9-2020-q2-update.win32_1.5.0.202011040924/tools/bin/../lib/gcc/arm-none-eabi/9.3.1/../../../../arm-none-eabi/lib/thumb/v7e-m+dp/hard\libc_nano.a(lib_a-memcpy-stub.o)
 .ARM.attributes
                0x0000000000000715       0x32 c:/st/stm32cubeide_1.6.1/stm32cubeide/plugins/com.st.stm32cube.ide.mcu.externaltools.gnu-tools-for-stm32.9-2020-q2-update.win32_1.5.0.202011040924/tools/bin/../lib/gcc/arm-none-eabi/9.3.1/../../../../arm-none-eabi/lib/thumb/v7e-m+dp/hard\libc_nano.a(lib_a-memset.o)
 .ARM.attributes
                0x0000000000000747       0x1e c:/st/stm32cubeide_1.6.1/stm32cubeide/plugins/com.st.stm32cube.ide.mcu.externaltools.gnu-tools-for-stm32.9-2020-q2-update.win32_1.5.0.202011040924/tools/bin/../lib/gcc/arm-none-eabi/9.3.1/thumb/v7e-m+dp/hard\libgcc.a(_aeabi_uldivmod.o)
 .ARM.attributes
                0x0000000000000765       0x32 c:/st/stm32cubeide_1.6.1/stm32cubeide/plugins/com.st.stm32cube.ide.mcu.externaltools.gnu-tools-for-stm32.9-2020-q2-update.win32_1.5.0.202011040924/tools/bin/../lib/gcc/arm-none-eabi/9.3.1/thumb/v7e-m+dp/hard\libgcc.a(_udivmoddi4.o)
 .ARM.attributes
                0x0000000000000797       0x1e c:/st/stm32cubeide_1.6.1/stm32cubeide/plugins/com.st.stm32cube.ide.mcu.externaltools.gnu-tools-for-stm32.9-2020-q2-update.win32_1.5.0.202011040924/tools/bin/../lib/gcc/arm-none-eabi/9.3.1/thumb/v7e-m+dp/hard\libgcc.a(_dvmd_tls.o)
 .ARM.attributes
                0x00000000000007b5       0x1e c:/st/stm32cubeide_1.6.1/stm32cubeide/plugins/com.st.stm32cube.ide.mcu.externaltools.gnu-tools-for-stm32.9-2020-q2-update.win32_1.5.0.202011040924/tools/bin/../lib/gcc/arm-none-eabi/9.3.1/thumb/v7e-m+dp/hard/crtn.o
OUTPUT(T-motor_controller_F767ZI.elf elf32-littlearm)
LOAD linker stubs
LOAD c:/st/stm32cubeide_1.6.1/stm32cubeide/plugins/com.st.stm32cube.ide.mcu.externaltools.gnu-tools-for-stm32.9-2020-q2-update.win32_1.5.0.202011040924/tools/bin/../lib/gcc/arm-none-eabi/9.3.1/../../../../arm-none-eabi/lib/thumb/v7e-m+dp/hard\libc.a
LOAD c:/st/stm32cubeide_1.6.1/stm32cubeide/plugins/com.st.stm32cube.ide.mcu.externaltools.gnu-tools-for-stm32.9-2020-q2-update.win32_1.5.0.202011040924/tools/bin/../lib/gcc/arm-none-eabi/9.3.1/../../../../arm-none-eabi/lib/thumb/v7e-m+dp/hard\libm.a
LOAD c:/st/stm32cubeide_1.6.1/stm32cubeide/plugins/com.st.stm32cube.ide.mcu.externaltools.gnu-tools-for-stm32.9-2020-q2-update.win32_1.5.0.202011040924/tools/bin/../lib/gcc/arm-none-eabi/9.3.1/thumb/v7e-m+dp/hard\libgcc.a

.debug_info     0x0000000000000000    0x27afe
 .debug_info    0x0000000000000000     0x36b6 Core/Src/main.o
 .debug_info    0x00000000000036b6     0x1bf8 Core/Src/stm32f7xx_hal_msp.o
 .debug_info    0x00000000000052ae      0xd9f Core/Src/stm32f7xx_hal_timebase_tim.o
 .debug_info    0x000000000000604d     0x101e Core/Src/stm32f7xx_it.o
 .debug_info    0x000000000000706b      0x7ad Core/Src/system_stm32f7xx.o
 .debug_info    0x0000000000007818       0x22 Core/Startup/startup_stm32f767zitx.o
 .debug_info    0x000000000000783a      0xab8 Drivers/STM32F7xx_HAL_Driver/Src/stm32f7xx_hal.o
 .debug_info    0x00000000000082f2     0x1095 Drivers/STM32F7xx_HAL_Driver/Src/stm32f7xx_hal_can.o
 .debug_info    0x0000000000009387     0x1158 Drivers/STM32F7xx_HAL_Driver/Src/stm32f7xx_hal_cortex.o
 .debug_info    0x000000000000a4df      0x9f1 Drivers/STM32F7xx_HAL_Driver/Src/stm32f7xx_hal_dma.o
 .debug_info    0x000000000000aed0      0x876 Drivers/STM32F7xx_HAL_Driver/Src/stm32f7xx_hal_gpio.o
 .debug_info    0x000000000000b746     0x12f3 Drivers/STM32F7xx_HAL_Driver/Src/stm32f7xx_hal_pcd.o
 .debug_info    0x000000000000ca39      0x88b Drivers/STM32F7xx_HAL_Driver/Src/stm32f7xx_hal_pcd_ex.o
 .debug_info    0x000000000000d2c4      0xa4c Drivers/STM32F7xx_HAL_Driver/Src/stm32f7xx_hal_pwr.o
 .debug_info    0x000000000000dd10      0xa28 Drivers/STM32F7xx_HAL_Driver/Src/stm32f7xx_hal_rcc.o
 .debug_info    0x000000000000e738      0x853 Drivers/STM32F7xx_HAL_Driver/Src/stm32f7xx_hal_rcc_ex.o
 .debug_info    0x000000000000ef8b     0x1a4b Drivers/STM32F7xx_HAL_Driver/Src/stm32f7xx_hal_sd.o
 .debug_info    0x00000000000109d6     0x2bc9 Drivers/STM32F7xx_HAL_Driver/Src/stm32f7xx_hal_tim.o
 .debug_info    0x000000000001359f     0x1703 Drivers/STM32F7xx_HAL_Driver/Src/stm32f7xx_hal_tim_ex.o
 .debug_info    0x0000000000014ca2     0x1974 Drivers/STM32F7xx_HAL_Driver/Src/stm32f7xx_hal_uart.o
 .debug_info    0x0000000000016616     0x1249 Drivers/STM32F7xx_HAL_Driver/Src/stm32f7xx_ll_sdmmc.o
 .debug_info    0x000000000001785f     0x1af5 Drivers/STM32F7xx_HAL_Driver/Src/stm32f7xx_ll_usb.o
 .debug_info    0x0000000000019354      0x5dd FATFS/App/fatfs.o
 .debug_info    0x0000000000019931      0xad6 FATFS/Target/bsp_driver_sd.o
 .debug_info    0x000000000001a407      0xfa4 FATFS/Target/sd_diskio.o
 .debug_info    0x000000000001b3ab      0x49a Middlewares/Third_Party/FatFs/src/ff_gen_drv.o
 .debug_info    0x000000000001b845     0x3ccb Middlewares/Third_Party/FreeRTOS/Source/CMSIS_RTOS_V2/cmsis_os2.o
 .debug_info    0x000000000001f510      0xb82 Middlewares/Third_Party/FreeRTOS/Source/list.o
 .debug_info    0x0000000000020092     0x239e Middlewares/Third_Party/FreeRTOS/Source/queue.o
 .debug_info    0x0000000000022430     0x2a14 Middlewares/Third_Party/FreeRTOS/Source/tasks.o
 .debug_info    0x0000000000024e44     0x1b8f Middlewares/Third_Party/FreeRTOS/Source/timers.o
 .debug_info    0x00000000000269d3      0x4b4 Middlewares/Third_Party/FreeRTOS/Source/portable/GCC/ARM_CM7/r0p1/port.o
 .debug_info    0x0000000000026e87      0xc77 Middlewares/Third_Party/FreeRTOS/Source/portable/MemMang/heap_4.o

.debug_abbrev   0x0000000000000000     0x4d15
 .debug_abbrev  0x0000000000000000      0x385 Core/Src/main.o
 .debug_abbrev  0x0000000000000385      0x266 Core/Src/stm32f7xx_hal_msp.o
 .debug_abbrev  0x00000000000005eb      0x1bf Core/Src/stm32f7xx_hal_timebase_tim.o
 .debug_abbrev  0x00000000000007aa      0x1b8 Core/Src/stm32f7xx_it.o
 .debug_abbrev  0x0000000000000962      0x165 Core/Src/system_stm32f7xx.o
 .debug_abbrev  0x0000000000000ac7       0x12 Core/Startup/startup_stm32f767zitx.o