main.cpp:108:5:int main()	8	static
main.cpp:205:6:void SystemClock_Config()	232	static
main.cpp:262:13:void MX_CAN1_Init()	8	static
main.cpp:299:13:void MX_SDMMC1_SD_Init()	4	static
main.cpp:327:13:void MX_USART3_UART_Init()	8	static
main.cpp:362:13:void MX_USB_OTG_FS_PCD_Init()	8	static
main.cpp:395:13:void MX_DMA_Init()	16	static
main.cpp:416:13:void MX_GPIO_Init()	56	static
main.cpp:495:6:void HAL_CAN_RxFifo0MsgPendingCallback(CAN_HandleTypeDef*)	16	static
main.cpp:511:6:void StartSDcard(void*)	16	static
main.cpp:525:6:void CAN_send(void*)	16	static
main.cpp:540:6:void HAL_TIM_PeriodElapsedCallback(TIM_HandleTypeDef*)	16	static
main.cpp:557:6:void Error_Handler()	8	static,ignoring_inline_asm
